<html>
<body>
<pre>
<h1>µVision Build Log</h1>
<h2>Tool Versions:</h2>
IDE-Version: ¦ÌVision V5.20.0.0
Copyright (C) 2016 ARM Ltd and ARM Germany GmbH. All rights reserved.
License Information: mike Microsoft, Microsoft, LIC=AK1CX-H3YX0-17JRR-KBEE3-1SV41-UFYPN
 
Tool Versions:
Toolchain:       MDK-ARM Professional  Version: 5.20
Toolchain Path:  D:\workprogram\keil\ARM\ARMCC\Bin
C Compiler:      Armcc.exe V5.06 update 2 (build 183)
Assembler:       Armasm.exe V5.06 update 2 (build 183)
Linker/Locator:  ArmLink.exe V5.06 update 2 (build 183)
Library Manager: ArmAr.exe V5.06 update 2 (build 183)
Hex Converter:   FromElf.exe V5.06 update 2 (build 183)
CPU DLL:         SARMCM3.DLL V5.20
Dialog DLL:      DCM.DLL V1.13.7.0
Target DLL:      STLink\ST-LINKIII-KEIL_SWO.dll V2.0.18.0
Dialog DLL:      TCM.DLL V1.14.9.0
 
<h2>Project:</h2>
C:\Users\Mike\Desktop\SensorTile\FallDetect\Projects\MDK-ARM\STM32L476RG-SensorTile\Project.uvprojx
Project File Date:  04/30/2017

<h2>Output:</h2>
*** Using Compiler 'V5.06 update 2 (build 183)', folder: 'D:\workprogram\keil\ARM\ARMCC\Bin'
Build target 'BlueMicrosystem1'
compiling HWAdvanceFeatures.c...
compiling MotionAR_Manager.c...
compiling main.c...
..\..\Src\main.c(264): warning:  #177-D: variable "buf" was declared but never referenced
  	char buf[100] = {0};
..\..\Src\main.c(227): warning:  #177-D: variable "fallDetect_timeout" was declared but never referenced
  static unsigned int fallDetect_timeout  = 0;
..\..\Src\main.c(986): warning:  #177-D: function "SendEnvironmentalData" was declared but never referenced
  static void SendEnvironmentalData(void)
..\..\Src\main.c(600): warning:  #177-D: function "ReCalibration" was declared but never referenced
  static void ReCalibration(void)
..\..\Src\main.c(555): warning:  #177-D: function "ButtonCallback" was declared but never referenced
  static void ButtonCallback(void)
..\..\Src\main.c(707): warning:  #177-D: function "SendMotionData" was declared but never referenced
  static void SendMotionData(void)
..\..\Src\main.c(871): warning:  #177-D: function "ComputeQuaternions" was declared but never referenced
  static void ComputeQuaternions(void)
..\..\Src\main.c(812): warning:  #177-D: function "ComputeMotionAR" was declared but never referenced
  static void ComputeMotionAR(void)
..\..\Src\main.c(730): warning:  #177-D: function "ComputeMotionCP" was declared but never referenced
  static void ComputeMotionCP(void)
..\..\Src\main.c(757): warning:  #177-D: function "ComputeMotionGR" was declared but never referenced
  static void ComputeMotionGR(void)
..\..\Src\main.c(792): warning:  #177-D: function "ComputeMotionPM" was declared but never referenced
  static void ComputeMotionPM(void)
..\..\Src\main.c(842): warning:  #177-D: function "ComputeMotionID" was declared but never referenced
  static void ComputeMotionID(void)
..\..\Src\main.c: 13 warnings, 0 errors
compiling MotionCP_Manager.c...
compiling MotionFX_Manager.c...
compiling MotionGR_Manager.c...
compiling OTA.c...
compiling stm32l4xx_hal_msp.c...
compiling stm32l4xx_it.c...
compiling sensor_service.c...
compiling TargetPlatform.c...
compiling MotionPM_Manager.c...
compiling MotionID_Manager.c...
compiling usbd_cdc_interface.c...
assembling startup_stm32l476xx.s...
compiling usbd_desc.c...
compiling usbd_conf.c...
compiling bluenrg_itf_template.c...
compiling osal.c...
compiling hci.c...
compiling ble_list.c...
compiling gp_timer.c...
compiling bluenrg_gap_aci.c...
compiling bluenrg_gatt_aci.c...
compiling bluenrg_hal_aci.c...
compiling bluenrg_l2cap_aci.c...
compiling bluenrg_updater_aci.c...
compiling stm32l4xx_hal.c...
compiling bluenrg_utils.c...
compiling stm32l4xx_hal_adc.c...
compiling stm32l4xx_hal_cortex.c...
compiling stm32l4xx_hal_crc.c...
compiling stm32l4xx_hal_adc_ex.c...
compiling stm32l4xx_hal_crc_ex.c...
compiling stm32l4xx_hal_dma.c...
compiling stm32l4xx_hal_flash.c...
compiling stm32l4xx_hal_flash_ex.c...
compiling stm32l4xx_hal_gpio.c...
compiling stm32l4xx_hal_i2c_ex.c...
compiling stm32l4xx_hal_i2c.c...
compiling stm32l4xx_hal_pwr.c...
compiling stm32l4xx_hal_rcc.c...
compiling stm32l4xx_hal_pwr_ex.c...
compiling stm32l4xx_hal_rcc_ex.c...
compiling stm32l4xx_hal_rtc.c...
compiling stm32l4xx_hal_rtc_ex.c...
compiling stm32l4xx_hal_spi_ex.c...
compiling stm32l4xx_hal_spi.c...
compiling stm32l4xx_hal_tim.c...
compiling stm32l4xx_hal_tim_ex.c...
compiling stm32l4xx_hal_uart.c...
compiling stm32l4xx_hal_uart_ex.c...
compiling stm32l4xx_hal_pcd_ex.c...
compiling stm32l4xx_hal_pcd.c...
compiling stm32l4xx_ll_usb.c...
compiling system_stm32l4xx.c...
compiling HTS221_Driver.c...
compiling HTS221_Driver_HL.c...
compiling LPS22HB_Driver.c...
compiling LPS22HB_Driver_HL.c...
compiling LSM303AGR_ACC_driver.c...
compiling LSM303AGR_ACC_driver_HL.c...
compiling LSM303AGR_MAG_driver.c...
compiling LSM303AGR_MAG_driver_HL.c...
compiling LSM6DSM_ACC_GYRO_driver_HL.c...
compiling STC3115_Driver.c...
compiling LSM6DSM_ACC_GYRO_driver.c...
compiling fonts.c...
compiling ssd1306.c...
..\..\..\Drivers\BSP\Components\ssd1306_iic\ssd1306.c(87): warning:  #188-D: enumerated type mixed with another type
  		
IC_SDA_WRITE((txd&0x80)>>7);  
..\..\..\Drivers\BSP\Components\ssd1306_iic\ssd1306.c(384): warning:  #177-D: variable "i" was declared but never referenced
  	uint8_t i = 0, b, j, k;
..\..\..\Drivers\BSP\Components\ssd1306_iic\ssd1306.c(384): warning:  #177-D: variable "b" was declared but never referenced
  	uint8_t i = 0, b, j, k;
..\..\..\Drivers\BSP\Components\ssd1306_iic\ssd1306.c(384): warning:  #177-D: variable "j" was declared but never referenced
  	uint8_t i = 0, b, j, k;
..\..\..\Drivers\BSP\Components\ssd1306_iic\ssd1306.c: 4 warnings, 0 errors
compiling SensorTile.c...
compiling SensorTile_accelero.c...
compiling SensorTile_gg.c...
compiling SensorTile_BlueNRG.c...
compiling SensorTile_gyro.c...
compiling SensorTile_magneto.c...
compiling SensorTile_humidity.c...
compiling SensorTile_pressure.c...
compiling SensorTile_oledShow.c...
compiling SensorTile_temperature.c...
compiling MetaDataManager.c...
compiling usbd_core.c...
compiling usbd_ctlreq.c...
compiling usbd_ioreq.c...
compiling usbd_cdc.c...
linking...
.\STM32L476RG_NUCLEO\BlueMS1_ST.axf: Warning: L6989W: Could not apply patch sdcomp-29491-629360 to instruction VPOP     {d8-d13} at offset 0x67bc, instruction is within an IT block and is not the last instruction for osx_motion_fx.o(.text).
Program Size: Code=90860 RO-data=10772 RW-data=6368 ZI-data=43216  
Finished: 0 information, 1 warning and 0 error messages.
After Build - User command #1: D:\workprogram\keil\\ARM\ARMCC\bin\fromelf.exe --bin --output=BlueMS1_ST.bin .\STM32L476RG_NUCLEO\BlueMS1_ST.axf
".\STM32L476RG_NUCLEO\BlueMS1_ST.axf" - 0 Error(s), 17 Warning(s).

<h2>Software Packages used:</h2>

Package Vendor: ARM
                http://www.keil.com/pack/ARM.CMSIS.4.5.0.pack
                ARM::CMSIS:CORE:4.3.0
                CMSIS (Cortex Microcontroller Software Interface Standard)
   * Component: CORE Version: 4.3.0

<h2>Collection of Component include folders:</h2>
  C:\Users\Mike\Desktop\SensorTile\FallDetect\Projects\MDK-ARM\STM32L476RG-SensorTile\RTE
  D:\workprogram\keil\ARM\PACK\ARM\CMSIS\4.5.0\CMSIS\Include
  D:\workprogram\keil\ARM\PACK\Keil\STM32L4xx_DFP\1.3.0\Device\Include

<h2>Collection of Component Files used:</h2>

   * Component: ARM::CMSIS:CORE:4.3.0
Build Time Elapsed:  00:00:49
</pre>
</body>
</html>
