Component: ARM Compiler 5.06 update 2 (build 183) Tool: armlink [4d35b7]

==============================================================================

Section Cross References

    hwadvancefeatures.o(i.DisableHWDoubleTap) refers to sensortile_accelero.o(i.BSP_ACCELERO_Disable_Double_Tap_Detection_Ext) for BSP_ACCELERO_Disable_Double_Tap_Detection_Ext
    hwadvancefeatures.o(i.DisableHWDoubleTap) refers to sensortile_accelero.o(i.BSP_ACCELERO_Set_ODR_Value) for BSP_ACCELERO_Set_ODR_Value
    hwadvancefeatures.o(i.DisableHWDoubleTap) refers to targetplatform.o(.bss) for TargetBoardFeatures
    hwadvancefeatures.o(i.DisableHWDoubleTap) refers to hwadvancefeatures.o(.data) for .data
    hwadvancefeatures.o(i.DisableHWFeatures) refers to sensortile_accelero.o(i.BSP_ACCELERO_Disable_Pedometer_Ext) for BSP_ACCELERO_Disable_Pedometer_Ext
    hwadvancefeatures.o(i.DisableHWFeatures) refers to sensortile_accelero.o(i.BSP_ACCELERO_Set_ODR_Value) for BSP_ACCELERO_Set_ODR_Value
    hwadvancefeatures.o(i.DisableHWFeatures) refers to sensortile_accelero.o(i.BSP_ACCELERO_Disable_Free_Fall_Detection_Ext) for BSP_ACCELERO_Disable_Free_Fall_Detection_Ext
    hwadvancefeatures.o(i.DisableHWFeatures) refers to sensortile_accelero.o(i.BSP_ACCELERO_Disable_Double_Tap_Detection_Ext) for BSP_ACCELERO_Disable_Double_Tap_Detection_Ext
    hwadvancefeatures.o(i.DisableHWFeatures) refers to sensortile_accelero.o(i.BSP_ACCELERO_Disable_Single_Tap_Detection_Ext) for BSP_ACCELERO_Disable_Single_Tap_Detection_Ext
    hwadvancefeatures.o(i.DisableHWFeatures) refers to sensortile_accelero.o(i.BSP_ACCELERO_Disable_Wake_Up_Detection_Ext) for BSP_ACCELERO_Disable_Wake_Up_Detection_Ext
    hwadvancefeatures.o(i.DisableHWFeatures) refers to sensortile_accelero.o(i.BSP_ACCELERO_Disable_Tilt_Detection_Ext) for BSP_ACCELERO_Disable_Tilt_Detection_Ext
    hwadvancefeatures.o(i.DisableHWFeatures) refers to sensortile_accelero.o(i.BSP_ACCELERO_Disable_6D_Orientation_Ext) for BSP_ACCELERO_Disable_6D_Orientation_Ext
    hwadvancefeatures.o(i.DisableHWFeatures) refers to hwadvancefeatures.o(.data) for .data
    hwadvancefeatures.o(i.DisableHWFeatures) refers to targetplatform.o(.bss) for TargetBoardFeatures
    hwadvancefeatures.o(i.DisableHWFreeFall) refers to sensortile_accelero.o(i.BSP_ACCELERO_Disable_Free_Fall_Detection_Ext) for BSP_ACCELERO_Disable_Free_Fall_Detection_Ext
    hwadvancefeatures.o(i.DisableHWFreeFall) refers to sensortile_accelero.o(i.BSP_ACCELERO_Set_ODR_Value) for BSP_ACCELERO_Set_ODR_Value
    hwadvancefeatures.o(i.DisableHWFreeFall) refers to targetplatform.o(.bss) for TargetBoardFeatures
    hwadvancefeatures.o(i.DisableHWFreeFall) refers to hwadvancefeatures.o(.data) for .data
    hwadvancefeatures.o(i.DisableHWOrientation6D) refers to sensortile_accelero.o(i.BSP_ACCELERO_Disable_6D_Orientation_Ext) for BSP_ACCELERO_Disable_6D_Orientation_Ext
    hwadvancefeatures.o(i.DisableHWOrientation6D) refers to sensortile_accelero.o(i.BSP_ACCELERO_Set_ODR_Value) for BSP_ACCELERO_Set_ODR_Value
    hwadvancefeatures.o(i.DisableHWOrientation6D) refers to targetplatform.o(.bss) for TargetBoardFeatures
    hwadvancefeatures.o(i.DisableHWOrientation6D) refers to hwadvancefeatures.o(.data) for .data
    hwadvancefeatures.o(i.DisableHWPedometer) refers to sensortile_accelero.o(i.BSP_ACCELERO_Disable_Pedometer_Ext) for BSP_ACCELERO_Disable_Pedometer_Ext
    hwadvancefeatures.o(i.DisableHWPedometer) refers to sensortile_accelero.o(i.BSP_ACCELERO_Set_ODR_Value) for BSP_ACCELERO_Set_ODR_Value
    hwadvancefeatures.o(i.DisableHWPedometer) refers to targetplatform.o(.bss) for TargetBoardFeatures
    hwadvancefeatures.o(i.DisableHWPedometer) refers to hwadvancefeatures.o(.data) for .data
    hwadvancefeatures.o(i.DisableHWSingleTap) refers to sensortile_accelero.o(i.BSP_ACCELERO_Disable_Single_Tap_Detection_Ext) for BSP_ACCELERO_Disable_Single_Tap_Detection_Ext
    hwadvancefeatures.o(i.DisableHWSingleTap) refers to sensortile_accelero.o(i.BSP_ACCELERO_Set_ODR_Value) for BSP_ACCELERO_Set_ODR_Value
    hwadvancefeatures.o(i.DisableHWSingleTap) refers to targetplatform.o(.bss) for TargetBoardFeatures
    hwadvancefeatures.o(i.DisableHWSingleTap) refers to hwadvancefeatures.o(.data) for .data
    hwadvancefeatures.o(i.DisableHWTilt) refers to sensortile_accelero.o(i.BSP_ACCELERO_Disable_Tilt_Detection_Ext) for BSP_ACCELERO_Disable_Tilt_Detection_Ext
    hwadvancefeatures.o(i.DisableHWTilt) refers to sensortile_accelero.o(i.BSP_ACCELERO_Set_ODR_Value) for BSP_ACCELERO_Set_ODR_Value
    hwadvancefeatures.o(i.DisableHWTilt) refers to targetplatform.o(.bss) for TargetBoardFeatures
    hwadvancefeatures.o(i.DisableHWTilt) refers to hwadvancefeatures.o(.data) for .data
    hwadvancefeatures.o(i.DisableHWWakeUp) refers to sensortile_accelero.o(i.BSP_ACCELERO_Disable_Wake_Up_Detection_Ext) for BSP_ACCELERO_Disable_Wake_Up_Detection_Ext
[...]
    __mathlib_dbl_divzero                    0x08018939   Thumb Code    28  dunder.o(i.__mathlib_dbl_divzero)
    __mathlib_dbl_infnan                     0x08018969   Thumb Code    20  dunder.o(i.__mathlib_dbl_infnan)
    __mathlib_dbl_infnan2                    0x0801897d   Thumb Code    20  dunder.o(i.__mathlib_dbl_infnan2)
    __mathlib_dbl_invalid                    0x08018991   Thumb Code    24  dunder.o(i.__mathlib_dbl_invalid)
    __mathlib_dbl_overflow                   0x080189b1   Thumb Code    24  dunder.o(i.__mathlib_dbl_overflow)
    __mathlib_dbl_underflow                  0x080189d1   Thumb Code    24  dunder.o(i.__mathlib_dbl_underflow)
    __scatterload_copy                       0x080189f1   Thumb Code    14  handlers.o(i.__scatterload_copy)
    __scatterload_null                       0x080189ff   Thumb Code     2  handlers.o(i.__scatterload_null)
    __scatterload_zeroinit                   0x08018a01   Thumb Code    14  handlers.o(i.__scatterload_zeroinit)
    __set_errno                              0x08018a11   Thumb Code     6  errno.o(i.__set_errno)
    aci_gap_init_IDB04A1                     0x080192c7   Thumb Code   112  bluenrg_gap_aci.o(i.aci_gap_init_IDB04A1)
    aci_gap_init_IDB05A1                     0x08019337   Thumb Code   120  bluenrg_gap_aci.o(i.aci_gap_init_IDB05A1)
    aci_gap_set_auth_requirement             0x080193af   Thumb Code   126  bluenrg_gap_aci.o(i.aci_gap_set_auth_requirement)
    aci_gatt_add_char                        0x0801942d   Thumb Code   188  bluenrg_gatt_aci.o(i.aci_gatt_add_char)
    aci_gatt_add_serv                        0x080194ef   Thumb Code   136  bluenrg_gatt_aci.o(i.aci_gatt_add_serv)
    aci_gatt_init                            0x08019577   Thumb Code    62  bluenrg_gatt_aci.o(i.aci_gatt_init)
    aci_gatt_update_char_value               0x080195b5   Thumb Code   136  bluenrg_gatt_aci.o(i.aci_gatt_update_char_value)
    aci_hal_set_tx_power_level               0x0801963d   Thumb Code    76  bluenrg_hal_aci.o(i.aci_hal_set_tx_power_level)
    atan                                     0x08019689   Thumb Code    16  atan.o(i.atan)
    fabs                                     0x08019699   Thumb Code    24  fabs.o(i.fabs)
    fputc                                    0x080196b1   Thumb Code    18  fputc.o(i.fputc)
    getBlueNRGVersion                        0x080196c3   Thumb Code    76  bluenrg_utils.o(i.getBlueNRGVersion)
    hci_le_read_local_version                0x0801970f   Thumb Code   130  hci.o(i.hci_le_read_local_version)
    hci_le_set_random_address                0x08019791   Thumb Code    90  hci.o(i.hci_le_set_random_address)
    hci_send_req                             0x080197ed   Thumb Code   504  hci.o(i.hci_send_req)
    list_get_size                            0x080199ed   Thumb Code    30  ble_list.o(i.list_get_size)
    list_init_head                           0x08019a0b   Thumb Code     6  ble_list.o(i.list_init_head)
    list_insert_head                         0x08019a11   Thumb Code    24  ble_list.o(i.list_insert_head)
    list_insert_tail                         0x08019a29   Thumb Code    24  ble_list.o(i.list_insert_tail)
    list_is_empty                            0x08019a41   Thumb Code    24  ble_list.o(i.list_is_empty)
    list_remove_head                         0x08019a59   Thumb Code    60  ble_list.o(i.list_remove_head)
    list_remove_tail                         0x08019a95   Thumb Code    60  ble_list.o(i.list_remove_tail)
    main                                     0x08019ad1   Thumb Code  1136  main.o(i.main)
    sqrt                                     0x08019f41   Thumb Code   110  sqrt.o(i.sqrt)
    ssd1306_ClearScreen                      0x08019fb1   Thumb Code    28  ssd1306.o(i.ssd1306_ClearScreen)
    ssd1306_DrawPixel                        0x08019fd5   Thumb Code    66  ssd1306.o(i.ssd1306_DrawPixel)
    ssd1306_Init                             0x0801a021   Thumb Code   358  ssd1306.o(i.ssd1306_Init)
    ssd1306_SetCursor                        0x0801a1a1   Thumb Code     8  ssd1306.o(i.ssd1306_SetCursor)
    ssd1306_UpdateScreen                     0x0801a1ad   Thumb Code    68  ssd1306.o(i.ssd1306_UpdateScreen)
    ssd1306_WriteChar                        0x0801a1f9   Thumb Code   164  ssd1306.o(i.ssd1306_WriteChar)
    ssd1306_WriteChineseString               0x0801a2a9   Thumb Code   186  ssd1306.o(i.ssd1306_WriteChineseString)
    ssd1306_WriteString                      0x0801a395   Thumb Code   212  ssd1306.o(i.ssd1306_WriteString)
    AHBPrescTable                            0x0801a474   Data          16  system_stm32l4xx.o(.constdata)
    MSIRangeTable                            0x0801a484   Data          48  system_stm32l4xx.o(.constdata)
    LSM303AGR_ACC_Sensitivity_List           0x0801a4b8   Data          96  lsm303agr_acc_driver.o(.constdata)
    GPIO_PIN                                 0x0801c8e0   Data           8  sensortile.o(.constdata)
    __mathlib_zero                           0x0801ccd8   Data           8  qnan.o(.constdata)
    Region$$Table$$Base                      0x0801cce0   Number         0  anon$$obj.o(Region$$Table)
    Region$$Table$$Limit                     0x0801cd00   Number         0  anon$$obj.o(Region$$Table)
    HWAdvanceFeaturesStatus                  0x20000000   Data           4  hwadvancefeatures.o(.data)
    ConnectionBleStatus                      0x2000000c   Data           4  main.o(.data)
    uhCCR4_Val                               0x20000010   Data           4  main.o(.data)
    sensitivity                              0x20000040   Data           4  main.o(.data)
    sensitivity_Mul                          0x20000044   Data           4  main.o(.data)
    bdaddr                                   0x20000048   Data           6  main.o(.data)
    BytesToWrite                             0x20000050   Data           4  main.o(.data)
    set_connectable                          0x20000054   Data           1  sensor_service.o(.data)
    connected                                0x20000080   Data           4  sensor_service.o(.data)
    hciReadPktPool                           0x2000009c   Data           8  hci.o(.data)
    hciReadPktRxQueue                        0x200000a4   Data           8  hci.o(.data)
    uwTick                                   0x200000ac   Data           4  stm32l4xx_hal.o(.data)
    SystemCoreClock                          0x200000b0   Data           4  system_stm32l4xx.o(.data)
    HTS221_H_Drv                             0x200000b4   Data          52  hts221_driver_hl.o(.data)
    HTS221_T_Drv                             0x200000e8   Data          52  hts221_driver_hl.o(.data)
    HTS221_Combo_Data                        0x2000011c   Data           4  hts221_driver_hl.o(.data)
    LPS22HB_P_Drv                            0x20000120   Data          52  lps22hb_driver_hl.o(.data)
    LPS22HB_T_Drv                            0x20000154   Data          52  lps22hb_driver_hl.o(.data)
    LPS22HB_Combo_Data                       0x20000188   Data           8  lps22hb_driver_hl.o(.data)
    LSM303AGR_X_Drv                          0x20000190   Data          80  lsm303agr_acc_driver_hl.o(.data)
    LSM303AGR_Combo_Data                     0x200001e0   Data           2  lsm303agr_acc_driver_hl.o(.data)
    LSM303AGR_M_Drv                          0x200001e4   Data          72  lsm303agr_mag_driver_hl.o(.data)
    LSM6DSM_X_ExtDrv                         0x2000022c   Data         148  lsm6dsm_acc_gyro_driver_hl.o(.data)
    LSM6DSM_X_Drv                            0x200002c0   Data          80  lsm6dsm_acc_gyro_driver_hl.o(.data)
    LSM6DSM_G_Drv                            0x20000310   Data          80  lsm6dsm_acc_gyro_driver_hl.o(.data)
    LSM6DSM_Combo_Data                       0x20000360   Data           2  lsm6dsm_acc_gyro_driver_hl.o(.data)
    STC3115_Drv                              0x20000364   Data          92  stc3115_driver.o(.data)
    Font_7x10                                0x200003c0   Data           8  fonts.o(.data)
    Font_11x18                               0x200003c8   Data           8  fonts.o(.data)
    Font_16x16                               0x200003d0   Data           8  fonts.o(.data)
    FontChinese_16x16                        0x200003d8   Data           8  fonts.o(.data)
    SpixTimeout                              0x200003ec   Data           4  sensortile.o(.data)
    GPIO_PORT                                0x200003f0   Data           8  sensortile.o(.data)
    NecessityToSaveMetaDataManager           0x20000460   Data           4  metadatamanager.o(.data)
    MDM_LicTable                             0x2000046c   Data         320  metadatamanager.o(.data)
    MDM_GMDTable                             0x200005ac   Data         168  metadatamanager.o(.data)
    normalize_input_data                     0x20000658   Data           1  osx_motion_fx.o(.data)
    normalize_input_data_6X                  0x20000659   Data           1  osx_motion_fx.o(.data)
    vGoodNum                                 0x20000668   Data           2  osx_motion_fx.o(.data)
    acc_orientation                          0x20000674   Data           4  osx_motion_fx.o(.data)
    gyro_orientation                         0x20000678   Data           4  osx_motion_fx.o(.data)
    mag_orientation                          0x2000067c   Data           4  osx_motion_fx.o(.data)
    start_automatic_gbias_calculation        0x20000680   Data           4  osx_motion_fx.o(.data)
    runCal                                   0x20000684   Data           4  osx_motion_fx.o(.data)
    enable6X                                 0x200006d0   Data           4  osx_motion_fx.o(.data)
    enable9X                                 0x200006d4   Data           4  osx_motion_fx.o(.data)
    eml_dmag_meas                            0x200006d8   Data           4  osx_motion_fx.o(.data)
    eml_dacc_meas                            0x200006dc   Data           4  osx_motion_fx.o(.data)
    eml_dgyro_meas                           0x200006e0   Data           4  osx_motion_fx.o(.data)
    eml_MA_detect_value                      0x200006e4   Data           4  osx_motion_fx.o(.data)
    eml_mR                                   0x200006e8   Data           4  osx_motion_fx.o(.data)
    eml_mR_cpy                               0x200006ec   Data           4  osx_motion_fx.o(.data)
    sp                                       0x20000720   Data        2256  osx_motion_fx.o(.data)
    sp6x                                     0x20000ff0   Data        2256  osx_motion_fx.o(.data)
    __stdout                                 0x200018d8   Data           4  stdout.o(.data)
    magOffset                                0x200018e0   Data          24  main.o(.bss)
    TimCCHandle                              0x200018f8   Data          60  main.o(.bss)
    TimEnvHandle                             0x20001934   Data          60  main.o(.bss)
    BufferToWrite                            0x20001970   Data         256  main.o(.bss)
    osx_mfx_license                          0x20001a70   Data          48  motionfx_manager.o(.bss)
    iDataOUT                                 0x20001aa0   Data         112  motionfx_manager.o(.bss)
    iDataIN                                  0x20001b10   Data          36  motionfx_manager.o(.bss)
    TargetBoardFeatures                      0x20001b98   Data          72  targetplatform.o(.bss)
    SpiHandle                                0x20002434   Data         100  sensortile_bluenrg.o(.bss)
    actualCal                                0x20003be8   Data          24  osx_motion_fx.o(.bss)
    iNemoEngine_DataIn_9X                    0x20003c00   Data         248  osx_motion_fx.o(.bss)
    osxMFX_knobs_9X                          0x20003cf8   Data          84  osx_motion_fx.o(.bss)
    osxMFX_output_9X                         0x20003d4c   Data         252  osx_motion_fx.o(.bss)
    iNemoEngine_DataIn_6X                    0x20003e48   Data         248  osx_motion_fx.o(.bss)
    osxMFX_knobs_6X                          0x20003f40   Data          84  osx_motion_fx.o(.bss)
    osxMFX_output_6X                         0x20003f94   Data         252  osx_motion_fx.o(.bss)
    rotAcc6X                                 0x200040ab   Data           9  osx_motion_fx.o(.bss)
    rotMag6X                                 0x200040b4   Data           9  osx_motion_fx.o(.bss)
    rotGyro6X                                0x200040bd   Data           9  osx_motion_fx.o(.bss)
    eml_kalman_v_cpy                         0x200040c8   Data          48  osx_motion_fx.o(.bss)
    eml_mag_cpy                              0x200040f8   Data          12  osx_motion_fx.o(.bss)
    __initial_sp                             0x2000c1b0   Data           0  startup_stm32l476xx.o(STACK)



==============================================================================

Memory Map of the image

  Image Entry point : 0x08004189

  Load Region LR_IROM1 (Base: 0x08004000, Size: 0x0001a5e0, Max: 0x00040000, ABSOLUTE, COMPRESSED[0x0001909c])

    Execution Region ER_IROM1 (Base: 0x08004000, Size: 0x00018d00, Max: 0x00040000, ABSOLUTE)

    Base Addr    Size         Type   Attr      Idx    E Section Name        Object

    0x08004000   0x00000188   Data   RO          207    RESET               startup_stm32l476xx.o
    0x08004188   0x00000000   Code   RO         2546  * .ARM.Collect$$$$00000000  mc_w.l(entry.o)
    0x08004188   0x00000004   Code   RO         2733    .ARM.Collect$$$$00000001  mc_w.l(entry2.o)
    0x0800418c   0x00000004   Code   RO         2736    .ARM.Collect$$$$00000004  mc_w.l(entry5.o)
    0x08004190   0x00000000   Code   RO         2738    .ARM.Collect$$$$00000008  mc_w.l(entry7b.o)
    0x08004190   0x00000000   Code   RO         2740    .ARM.Collect$$$$0000000A  mc_w.l(entry8b.o)
    0x08004190   0x00000008   Code   RO         2741    .ARM.Collect$$$$0000000B  mc_w.l(entry9a.o)
    0x08004198   0x00000000   Code   RO         2743    .ARM.Collect$$$$0000000D  mc_w.l(entry10a.o)
    0x08004198   0x00000000   Code   RO         2745    .ARM.Collect$$$$0000000F  mc_w.l(entry11a.o)
    0x08004198   0x00000004   Code   RO         2734    .ARM.Collect$$$$00002712  mc_w.l(entry2.o)
    0x0800419c   0x00000024   Code   RO          208    .text               startup_stm32l476xx.o
    0x080041c0   0x00008acc   Code   RO         2483    .text               osxMotionFX107_CM4_Keil_ot.lib(osx_motion_fx.o)
    0x0800cc8c   0x000002e4   Code   RO         2499    .text               osxMotionAR120_CM4F_keil_ot.lib(osxLibraryLocker100_CM4F_Keil.o)
    0x0800cf70   0x00000068   Code   RO         2549    .text               mc_w.l(uldiv.o)
    0x0800cfd8   0x00000062   Code   RO         2550    .text               mc_w.l(ldiv.o)
    0x0800d03a   0x00000042   Code   RO         2553    .text               mc_w.l(memmove.o)
    0x0800d07c   0x00000024   Code   RO         2556    .text               mc_w.l(memseta.o)
    0x0800d0a0   0x0000000e   Code   RO         2557    .text               mc_w.l(strlen.o)
    0x0800d0ae   0x00000012   Code   RO         2559    .text               mc_w.l(strcpy.o)
    0x0800d0c0   0x0000015e   Code   RO         2711    .text               mf_w.l(dadd.o)
    0x0800d21e   0x000000ea   Code   RO         2712    .text               mf_w.l(dmul.o)
    0x0800d308   0x000000de   Code   RO         2713    .text               mf_w.l(ddiv.o)
    0x0800d3e6   0x00000022   Code   RO         2715    .text               mf_w.l(dflti.o)
    0x0800d408   0x0000001a   Code   RO         2716    .text               mf_w.l(dfltui.o)
    0x0800d422   0x00000032   Code   RO         2718    .text               mf_w.l(dfixui.o)
    0x0800d454   0x00000026   Code   RO         2719    .text               mf_w.l(f2d.o)
    0x0800d47a   0x00000002   PAD
    0x0800d47c   0x00000030   Code   RO         2720    .text               mf_w.l(cdcmple.o)
    0x0800d4ac   0x00000030   Code   RO         2721    .text               mf_w.l(cdrcmple.o)
    0x0800d4dc   0x00000038   Code   RO         2722    .text               mf_w.l(d2f.o)
    0x0800d514   0x0000002c   Code   RO         2749    .text               mc_w.l(uidiv.o)
    0x0800d540   0x0000001e   Code   RO         2750    .text               mc_w.l(llshl.o)
    0x0800d55e   0x00000020   Code   RO         2751    .text               mc_w.l(llushr.o)
    0x0800d57e   0x00000024   Code   RO         2752    .text               mc_w.l(llsshr.o)
    0x0800d5a2   0x00000000   Code   RO         2760    .text               mc_w.l(iusefp.o)
    0x0800d5a2   0x0000006e   Code   RO         2761    .text               mf_w.l(fepilogue.o)
    0x0800d610   0x000000ba   Code   RO         2762    .text               mf_w.l(depilogue.o)
    0x0800d6ca   0x0000002e   Code   RO         2763    .text               mf_w.l(dscalb.o)
    0x0800d6f8   0x000000a2   Code   RO         2764    .text               mf_w.l(dsqrt.o)
    0x0800d79a   0x00000030   Code   RO         2765    .text               mf_w.l(dfixul.o)
    0x0800d7ca   0x00000060   Code   RO         2766    .text               mf_w.l(dcmp4.o)
    0x0800d82a   0x00000002   PAD
    0x0800d82c   0x00000024   Code   RO         2767    .text               mc_w.l(init.o)
    0x0800d850   0x00000000   Code   RO         2768    .text               mc_w.l(semi.o)
    0x0800d850   0x00000000   Code   RO         2785    .text               mc_w.l(iusesemip.o)
    0x0800d850   0x00000056   Code   RO         2792    .text               mc_w.l(__dczerorl2.o)
    0x0800d8a6   0x00000002   PAD
    0x0800d8a8   0x00000098   Code   RO           90    i.AccEvent_Notify   sensor_service.o
    0x0800d940   0x000000f2   Code   RO           94    i.Add_ConfigW2ST_Service  sensor_service.o
    0x0800da32   0x00000002   PAD
    0x0800da34   0x0000016a   Code   RO           95    i.Add_ConsoleW2ST_Service  sensor_service.o
    0x0800db9e   0x00000002   PAD
    0x0800dba0   0x0000036e   Code   RO           96    i.Add_HWServW2ST_Service  sensor_service.o
    0x0800df0e   0x00000002   PAD
    0x0800df10   0x00000412   Code   RO           97    i.Add_SWServW2ST_Service  sensor_service.o
    0x0800e322   0x00000002   PAD
    0x0800e324   0x0000003c   Code   RO         2228    i.BNRG_SPI_Init     sensortile_bluenrg.o
    0x0800e360   0x00000016   Code   RO         2163    i.BSP_ACCELERO_Disable_6D_Orientation_Ext  sensortile_accelero.o
    0x0800e376   0x00000016   Code   RO         2164    i.BSP_ACCELERO_Disable_Double_Tap_Detection_Ext  sensortile_accelero.o
    0x0800e38c   0x00000016   Code   RO         2165    i.BSP_ACCELERO_Disable_Free_Fall_Detection_Ext  sensortile_accelero.o
    0x0800e3a2   0x00000016   Code   RO         2166    i.BSP_ACCELERO_Disable_Pedometer_Ext  sensortile_accelero.o
    0x0800e3b8   0x00000016   Code   RO         2167    i.BSP_ACCELERO_Disable_Single_Tap_Detection_Ext  sensortile_accelero.o
    0x0800e3ce   0x00000016   Code   RO         2168    i.BSP_ACCELERO_Disable_Tilt_Detection_Ext  sensortile_accelero.o
    0x0800e3e4   0x00000016   Code   RO         2169    i.BSP_ACCELERO_Disable_Wake_Up_Detection_Ext  sensortile_accelero.o
    0x0800e3fa   0x00000016   Code   RO         2172    i.BSP_ACCELERO_Enable_Free_Fall_Detection_Ext  sensortile_accelero.o
    0x0800e410   0x00000018   Code   RO         2177    i.BSP_ACCELERO_Get_6D_Orientation_Status_Ext  sensortile_accelero.o
    0x0800e428   0x0000001a   Code   RO         2178    i.BSP_ACCELERO_Get_6D_Orientation_XH_Ext  sensortile_accelero.o
    0x0800e442   0x00000018   Code   RO         2179    i.BSP_ACCELERO_Get_6D_Orientation_XL_Ext  sensortile_accelero.o
    0x0800e45a   0x0000001a   Code   RO         2180    i.BSP_ACCELERO_Get_6D_Orientation_YH_Ext  sensortile_accelero.o
    0x0800e474   0x0000001a   Code   RO         2181    i.BSP_ACCELERO_Get_6D_Orientation_YL_Ext  sensortile_accelero.o
    0x0800e48e   0x0000001a   Code   RO         2182    i.BSP_ACCELERO_Get_6D_Orientation_ZH_Ext  sensortile_accelero.o
    0x0800e4a8   0x0000001a   Code   RO         2183    i.BSP_ACCELERO_Get_6D_Orientation_ZL_Ext  sensortile_accelero.o
    0x0800e4c2   0x00000018   Code   RO         2188    i.BSP_ACCELERO_Get_Double_Tap_Detection_Status_Ext  sensortile_accelero.o
    0x0800e4da   0x00000018   Code   RO         2190    i.BSP_ACCELERO_Get_Free_Fall_Detection_Status_Ext  sensortile_accelero.o
    0x0800e4f2   0x0000001a   Code   RO         2192    i.BSP_ACCELERO_Get_ODR  sensortile_accelero.o
    0x0800e50c   0x00000018   Code   RO         2193    i.BSP_ACCELERO_Get_Pedometer_Status_Ext  sensortile_accelero.o
    0x0800e524   0x0000001a   Code   RO         2194    i.BSP_ACCELERO_Get_Sensitivity  sensortile_accelero.o
    0x0800e53e   0x00000018   Code   RO         2195    i.BSP_ACCELERO_Get_Single_Tap_Detection_Status_Ext  sensortile_accelero.o
    0x0800e556   0x00000018   Code   RO         2196    i.BSP_ACCELERO_Get_Step_Count_Ext  sensortile_accelero.o
    0x0800e56e   0x00000018   Code   RO         2197    i.BSP_ACCELERO_Get_Tilt_Detection_Status_Ext  sensortile_accelero.o
    0x0800e586   0x00000018   Code   RO         2198    i.BSP_ACCELERO_Get_Wake_Up_Detection_Status_Ext  sensortile_accelero.o
    0x0800e59e   0x0000003c   Code   RO         2200    i.BSP_ACCELERO_Init  sensortile_accelero.o
    0x0800e5da   0x00000018   Code   RO         2207    i.BSP_ACCELERO_Sensor_Enable  sensortile_accelero.o
    0x0800e5f2   0x00000018   Code   RO         2210    i.BSP_ACCELERO_Set_FS_Value  sensortile_accelero.o
    0x0800e60a   0x00000016   Code   RO         2211    i.BSP_ACCELERO_Set_Free_Fall_Threshold_Ext  sensortile_accelero.o
    0x0800e620   0x00000018   Code   RO         2213    i.BSP_ACCELERO_Set_ODR_Value  sensortile_accelero.o
    0x0800e638   0x00000080   Code   RO         2255    i.BSP_GG_Init       sensortile_gg.o
    0x0800e6b8   0x00000022   Code   RO         2277    i.BSP_GYRO_Init     sensortile_gyro.o
    0x0800e6da   0x00000018   Code   RO         2283    i.BSP_GYRO_Sensor_Enable  sensortile_gyro.o
    0x0800e6f2   0x00000002   PAD
    0x0800e6f4   0x00000084   Code   RO         2296    i.BSP_HTS221_HUMIDITY_Init  sensortile_humidity.o
    0x0800e778   0x0000008c   Code   RO         2374    i.BSP_HTS221_TEMPERATURE_Init  sensortile_temperature.o
    0x0800e804   0x0000001a   Code   RO         2300    i.BSP_HUMIDITY_Get_Hum  sensortile_humidity.o
    0x0800e81e   0x00000022   Code   RO         2304    i.BSP_HUMIDITY_Init  sensortile_humidity.o
    0x0800e840   0x00000010   Code   RO         2307    i.BSP_HUMIDITY_IsInitialized  sensortile_humidity.o
    0x0800e850   0x00000018   Code   RO         2310    i.BSP_HUMIDITY_Sensor_Enable  sensortile_humidity.o
    0x0800e868   0x00000074   Code   RO         2123    i.BSP_LED_Init      sensortile.o
    0x0800e8dc   0x000000c8   Code   RO         2351    i.BSP_LPS22HB_PRESSURE_Init  sensortile_pressure.o
    0x0800e9a4   0x000000cc   Code   RO         2375    i.BSP_LPS22HB_TEMPERATURE_Init  sensortile_temperature.o
    0x0800ea70   0x000000a4   Code   RO         2221    i.BSP_LSM303AGR_ACCELERO_Init  sensortile_accelero.o
    0x0800eb14   0x0000009c   Code   RO         2319    i.BSP_LSM303AGR_MAGNETO_Init  sensortile_magneto.o
    0x0800ebb0   0x000000a8   Code   RO         2222    i.BSP_LSM6DSM_ACCELERO_Init  sensortile_accelero.o
    0x0800ec58   0x0000009c   Code   RO         2290    i.BSP_LSM6DSM_GYRO_Init  sensortile_gyro.o
    0x0800ecf4   0x00000022   Code   RO         2330    i.BSP_MAGNETO_Init  sensortile_magneto.o
    0x0800ed16   0x00000018   Code   RO         2336    i.BSP_MAGNETO_Sensor_Enable  sensortile_magneto.o
    0x0800ed2e   0x0000001a   Code   RO         2357    i.BSP_PRESSURE_Get_Press  sensortile_pressure.o
    0x0800ed48   0x00000022   Code   RO         2359    i.BSP_PRESSURE_Init  sensortile_pressure.o
    0x0800ed6a   0x00000010   Code   RO         2362    i.BSP_PRESSURE_IsInitialized  sensortile_pressure.o
    0x0800ed7a   0x00000018   Code   RO         2365    i.BSP_PRESSURE_Sensor_Enable  sensortile_pressure.o
    0x0800ed92   0x0000001a   Code   RO         2381    i.BSP_TEMPERATURE_Get_Temp  sensortile_temperature.o
    0x0800edac   0x0000003c   Code   RO         2383    i.BSP_TEMPERATURE_Init  sensortile_temperature.o
    0x0800ede8   0x00000010   Code   RO         2386    i.BSP_TEMPERATURE_IsInitialized  sensortile_temperature.o
    0x0800edf8   0x00000018   Code   RO         2389    i.BSP_TEMPERATURE_Sensor_Enable  sensortile_temperature.o
    0x0800ee10   0x00000018   Code   RO         2229    i.BlueNRG_DataPresent  sensortile_bluenrg.o
    0x0800ee28   0x0000002c   Code   RO         2231    i.BlueNRG_RST       sensortile_bluenrg.o
    0x0800ee54   0x000000a0   Code   RO         2232    i.BlueNRG_SPI_Read_All  sensortile_bluenrg.o
    0x0800eef4   0x000000d2   Code   RO         2233    i.BlueNRG_SPI_Write  sensortile_bluenrg.o
    0x0800efc6   0x00000002   Code   RO          131    i.BusFault_Handler  stm32l4xx_it.o
    0x0800efc8   0x0000000c   Code   RO         2234    i.Clear_SPI_EXTI_Flag  sensortile_bluenrg.o
    0x0800efd4   0x00000002   Code   RO          132    i.DebugMon_Handler  stm32l4xx_it.o
    0x0800efd6   0x00000002   PAD
    0x0800efd8   0x00000130   Code   RO            5    i.DisableHWFeatures  hwadvancefeatures.o
    0x0800f108   0x00000006   Code   RO         2236    i.Disable_SPI_IRQ   sensortile_bluenrg.o
    0x0800f10e   0x00000006   Code   RO          133    i.EXTI2_IRQHandler  stm32l4xx_it.o
    0x0800f114   0x00000006   Code   RO          134    i.EXTI9_5_IRQHandler  stm32l4xx_it.o
    0x0800f11a   0x00000002   PAD
    0x0800f11c   0x00000038   Code   RO           13    i.EnableHWFreeFall  hwadvancefeatures.o
    0x0800f154   0x00000006   Code   RO         2237    i.Enable_SPI_IRQ    sensortile_bluenrg.o
    0x0800f15a   0x00000002   PAD
    0x0800f15c   0x000000fc   Code   RO          104    i.Environmental_Update  sensor_service.o
    0x0800f258   0x00000114   Code   RO           19    i.GetHWOrientation6D  hwadvancefeatures.o
    0x0800f36c   0x00000020   Code   RO           20    i.GetStepHWPedometer  hwadvancefeatures.o
    0x0800f38c   0x00000024   Code   RO           28    i.HAL_Delay         main.o
    0x0800f3b0   0x00000020   Code   RO           29    i.HAL_GPIO_EXTI_Callback  main.o
    0x0800f3d0   0x00000018   Code   RO          578    i.HAL_GPIO_EXTI_IRQHandler  stm32l4xx_hal_gpio.o
    0x0800f3e8   0x00000222   Code   RO          579    i.HAL_GPIO_Init     stm32l4xx_hal_gpio.o
    0x0800f60a   0x0000000a   Code   RO          581    i.HAL_GPIO_ReadPin  stm32l4xx_hal_gpio.o
    0x0800f614   0x0000000a   Code   RO          583    i.HAL_GPIO_WritePin  stm32l4xx_hal_gpio.o
    0x0800f61e   0x00000002   PAD
    0x0800f620   0x0000000c   Code   RO          416    i.HAL_GetTick       stm32l4xx_hal.o
    0x0800f62c   0x00000034   Code   RO          589    i.HAL_I2C_DeInit    stm32l4xx_hal_i2c.o
    0x0800f660   0x00000006   Code   RO          597    i.HAL_I2C_GetState  stm32l4xx_hal_i2c.o
    0x0800f666   0x000000b0   Code   RO          598    i.HAL_I2C_Init      stm32l4xx_hal_i2c.o
    0x0800f716   0x00000002   PAD
    0x0800f718   0x000001ae   Code   RO          614    i.HAL_I2C_Mem_Read  stm32l4xx_hal_i2c.o
    0x0800f8c6   0x00000002   PAD
    0x0800f8c8   0x000001a6   Code   RO          617    i.HAL_I2C_Mem_Write  stm32l4xx_hal_i2c.o
    0x0800fa6e   0x00000002   Code   RO          620    i.HAL_I2C_MspDeInit  stm32l4xx_hal_i2c.o
    0x0800fa70   0x00000002   Code   RO          621    i.HAL_I2C_MspInit   stm32l4xx_hal_i2c.o
    0x0800fa72   0x00000002   PAD
    0x0800fa74   0x00000010   Code   RO          417    i.HAL_IncTick       stm32l4xx_hal.o
    0x0800fa84   0x00000016   Code   RO          418    i.HAL_Init          stm32l4xx_hal.o
    0x0800fa9a   0x00000002   PAD
    0x0800fa9c   0x00000028   Code   RO          419    i.HAL_InitTick      stm32l4xx_hal.o
    0x0800fac4   0x00000002   Code   RO          421    i.HAL_MspInit       stm32l4xx_hal.o
    0x0800fac6   0x00000018   Code   RO          501    i.HAL_NVIC_DisableIRQ  stm32l4xx_hal_cortex.o
    0x0800fade   0x00000018   Code   RO          502    i.HAL_NVIC_EnableIRQ  stm32l4xx_hal_cortex.o
    0x0800faf6   0x00000002   PAD
    0x0800faf8   0x00000068   Code   RO          508    i.HAL_NVIC_SetPriority  stm32l4xx_hal_cortex.o
    0x0800fb60   0x00000024   Code   RO          509    i.HAL_NVIC_SetPriorityGrouping  stm32l4xx_hal_cortex.o
    0x0800fb84   0x00000010   Code   RO          714    i.HAL_PWREx_EnableVddIO2  stm32l4xx_hal_pwr_ex.o
    0x0800fb94   0x00000010   Code   RO          720    i.HAL_PWREx_GetVoltageRange  stm32l4xx_hal_pwr_ex.o
    0x0800fba4   0x00000010   Code   RO          676    i.HAL_PWR_EnableBkUpAccess  stm32l4xx_hal_pwr.o
    0x0800fbb4   0x0000001c   Code   RO          747    i.HAL_RCCEx_DisableLSECSS  stm32l4xx_hal_rcc_ex.o
    0x0800fbd0   0x00000010   Code   RO          754    i.HAL_RCCEx_EnableMSIPLLMode  stm32l4xx_hal_rcc_ex.o
    0x0800fbe0   0x000003fe   Code   RO          761    i.HAL_RCCEx_PeriphCLKConfig  stm32l4xx_hal_rcc_ex.o
    0x0800ffde   0x00000002   PAD
    0x0800ffe0   0x000001b0   Code   RO          730    i.HAL_RCC_ClockConfig  stm32l4xx_hal_rcc.o
    0x08010190   0x00000130   Code   RO          738    i.HAL_RCC_GetSysClockFreq  stm32l4xx_hal_rcc.o
    0x080102c0   0x00000562   Code   RO          741    i.HAL_RCC_OscConfig  stm32l4xx_hal_rcc.o
    0x08010822   0x00000006   Code   RO          838    i.HAL_SPI_GetState  stm32l4xx_hal_spi.o
    0x08010828   0x000000c8   Code   RO          840    i.HAL_SPI_Init      stm32l4xx_hal_spi.o
    0x080108f0   0x00000158   Code   RO         2238    i.HAL_SPI_MspInit   sensortile_bluenrg.o
    0x08010a48   0x000002b0   Code   RO          849    i.HAL_SPI_TransmitReceive  stm32l4xx_hal_spi.o
    0x08010cf8   0x0000002c   Code   RO          513    i.HAL_SYSTICK_Config  stm32l4xx_hal_cortex.o
    0x08010d24   0x00000002   Code   RO          992    i.HAL_TIMEx_BreakCallback  stm32l4xx_hal_tim_ex.o
    0x08010d26   0x00000002   Code   RO          993    i.HAL_TIMEx_CommutationCallback  stm32l4xx_hal_tim_ex.o
    0x08010d28   0x00000034   Code   RO          892    i.HAL_TIM_Base_Init  stm32l4xx_hal_tim.o
    0x08010d5c   0x0000003c   Code   RO          126    i.HAL_TIM_Base_MspInit  stm32l4xx_hal_msp.o
    0x08010d98   0x00000002   Code   RO          921    i.HAL_TIM_IC_CaptureCallback  stm32l4xx_hal_tim.o
    0x08010d9a   0x0000016c   Code   RO          934    i.HAL_TIM_IRQHandler  stm32l4xx_hal_tim.o
    0x08010f06   0x00000002   PAD
    0x08010f08   0x0000019e   Code   RO          935    i.HAL_TIM_OC_ConfigChannel  stm32l4xx_hal_tim.o
    0x080110a6   0x00000002   PAD
    0x080110a8   0x000000b0   Code   RO           30    i.HAL_TIM_OC_DelayElapsedCallback  main.o
    0x08011158   0x00000034   Code   RO          939    i.HAL_TIM_OC_Init   stm32l4xx_hal_tim.o
    0x0801118c   0x0000002c   Code   RO          127    i.HAL_TIM_OC_MspInit  stm32l4xx_hal_msp.o
    0x080111b8   0x00000002   Code   RO          964    i.HAL_TIM_PWM_PulseFinishedCallback  stm32l4xx_hal_tim.o
    0x080111ba   0x00000002   PAD
    0x080111bc   0x00000018   Code   RO           31    i.HAL_TIM_PeriodElapsedCallback  main.o
    0x080111d4   0x00000044   Code   RO          972    i.HAL_TIM_ReadCapturedValue  stm32l4xx_hal_tim.o
    0x08011218   0x00000002   Code   RO          975    i.HAL_TIM_TriggerCallback  stm32l4xx_hal_tim.o
    0x0801121a   0x00000002   PAD
    0x0801121c   0x0000003c   Code   RO          212    i.HCI_Init          hci.o
    0x08011258   0x00000084   Code   RO          213    i.HCI_Isr           hci.o
    0x080112dc   0x00000030   Code   RO         1190    i.HTS221_Activate   hts221_driver.o
    0x0801130c   0x00000030   Code   RO         1191    i.HTS221_DeActivate  hts221_driver.o
    0x0801133c   0x0000002e   Code   RO         1195    i.HTS221_Get_DataStatus  hts221_driver.o
    0x0801136a   0x00000014   Code   RO         1196    i.HTS221_Get_DeviceID  hts221_driver.o
    0x0801137e   0x00000002   PAD
    0x08011380   0x000000d4   Code   RO         1199    i.HTS221_Get_Humidity  hts221_driver.o
    0x08011454   0x00000026   Code   RO         1206    i.HTS221_Get_Odr    hts221_driver.o
    0x0801147a   0x000000c8   Code   RO         1209    i.HTS221_Get_Temperature  hts221_driver.o
    0x08011542   0x00000028   Code   RO         1228    i.HTS221_H_Check_WhoAmI  hts221_driver_hl.o
    0x0801156a   0x0000003a   Code   RO         1229    i.HTS221_H_DeInit   hts221_driver_hl.o
    0x080115a4   0x0000002a   Code   RO         1230    i.HTS221_H_Get_DRDY_Status  hts221_driver_hl.o
    0x080115ce   0x00000030   Code   RO         1231    i.HTS221_H_Get_Hum  hts221_driver_hl.o
    0x080115fe   0x00000002   PAD
    0x08011600   0x00000050   Code   RO         1232    i.HTS221_H_Get_ODR  hts221_driver_hl.o
    0x08011650   0x0000000e   Code   RO         1233    i.HTS221_H_Get_WhoAmI  hts221_driver_hl.o
    0x0801165e   0x00000028   Code   RO         1234    i.HTS221_H_Init     hts221_driver_hl.o
    0x08011686   0x00000012   Code   RO         1235    i.HTS221_H_Read_Reg  hts221_driver_hl.o
    0x08011698   0x0000002c   Code   RO         1236    i.HTS221_H_Sensor_Disable  hts221_driver_hl.o
    0x080116c4   0x00000034   Code   RO         1237    i.HTS221_H_Sensor_Enable  hts221_driver_hl.o
    0x080116f8   0x00000004   Code   RO         1238    i.HTS221_H_Set_ODR  hts221_driver_hl.o
    0x080116fc   0x00000030   Code   RO         1239    i.HTS221_H_Set_ODR_Value  hts221_driver_hl.o
    0x0801172c   0x00000016   Code   RO         1240    i.HTS221_H_Write_Reg  hts221_driver_hl.o
    0x08011742   0x0000004c   Code   RO         1241    i.HTS221_Init       hts221_driver_hl.o
    0x0801178e   0x00000014   Code   RO         1213    i.HTS221_ReadReg    hts221_driver.o
    0x080117a2   0x00000002   PAD
    0x080117a4   0x00000088   Code   RO         1217    i.HTS221_Set_BduMode  hts221_driver.o
    0x0801182c   0x00000026   Code   RO         1242    i.HTS221_Set_ODR    hts221_driver_hl.o
    0x08011852   0x00000002   PAD
    0x08011854   0x0000008c   Code   RO         1223    i.HTS221_Set_Odr    hts221_driver.o
    0x080118e0   0x00000028   Code   RO         1243    i.HTS221_T_Check_WhoAmI  hts221_driver_hl.o
    0x08011908   0x0000003a   Code   RO         1244    i.HTS221_T_DeInit   hts221_driver_hl.o
    0x08011942   0x0000002a   Code   RO         1245    i.HTS221_T_Get_DRDY_Status  hts221_driver_hl.o
    0x0801196c   0x00000050   Code   RO         1246    i.HTS221_T_Get_ODR  hts221_driver_hl.o
    0x080119bc   0x00000030   Code   RO         1247    i.HTS221_T_Get_Temp  hts221_driver_hl.o
    0x080119ec   0x0000000e   Code   RO         1248    i.HTS221_T_Get_WhoAmI  hts221_driver_hl.o
    0x080119fa   0x00000028   Code   RO         1249    i.HTS221_T_Init     hts221_driver_hl.o
    0x08011a22   0x00000012   Code   RO         1250    i.HTS221_T_Read_Reg  hts221_driver_hl.o
    0x08011a34   0x0000002c   Code   RO         1251    i.HTS221_T_Sensor_Disable  hts221_driver_hl.o
    0x08011a60   0x00000034   Code   RO         1252    i.HTS221_T_Sensor_Enable  hts221_driver_hl.o
    0x08011a94   0x00000004   Code   RO         1253    i.HTS221_T_Set_ODR  hts221_driver_hl.o
    0x08011a98   0x00000030   Code   RO         1254    i.HTS221_T_Set_ODR_Value  hts221_driver_hl.o
    0x08011ac8   0x00000016   Code   RO         1255    i.HTS221_T_Write_Reg  hts221_driver_hl.o
    0x08011ade   0x00000014   Code   RO         1226    i.HTS221_WriteReg   hts221_driver.o
    0x08011af2   0x00000002   PAD
    0x08011af4   0x0000003c   Code   RO         1227    i.HTS221_assert_failed  hts221_driver.o
    0x08011b30   0x0000003c   Code   RO         2239    i.Hal_Write_Serial  sensortile_bluenrg.o
    0x08011b6c   0x00000002   Code   RO          135    i.HardFault_Handler  stm32l4xx_it.o
    0x08011b6e   0x00000022   Code   RO          640    i.I2C_Flush_TXDR    stm32l4xx_hal_i2c.o
    0x08011b90   0x00000090   Code   RO          646    i.I2C_IsAcknowledgeFailed  stm32l4xx_hal_i2c.o
    0x08011c20   0x00000074   Code   RO          649    i.I2C_RequestMemoryRead  stm32l4xx_hal_i2c.o
    0x08011c94   0x00000074   Code   RO          650    i.I2C_RequestMemoryWrite  stm32l4xx_hal_i2c.o
    0x08011d08   0x000000cc   Code   RO         2127    i.I2C_SENSORTILE_Init  sensortile.o
    0x08011dd4   0x0000002c   Code   RO          653    i.I2C_TransferConfig  stm32l4xx_hal_i2c.o
    0x08011e00   0x00000064   Code   RO          654    i.I2C_WaitOnFlagUntilTimeout  stm32l4xx_hal_i2c.o
    0x08011e64   0x00000058   Code   RO          655    i.I2C_WaitOnSTOPFlagUntilTimeout  stm32l4xx_hal_i2c.o
    0x08011ebc   0x0000005e   Code   RO          656    i.I2C_WaitOnTXISFlagUntilTimeout  stm32l4xx_hal_i2c.o
    0x08011f1a   0x00000002   PAD
    0x08011f1c   0x00000014   Code   RO           21    i.InitHWFeatures    hwadvancefeatures.o
    0x08011f30   0x000000e4   Code   RO          147    i.InitTargetPlatform  targetplatform.o
    0x08012014   0x00000038   Code   RO         1261    i.LPS22HB_Get_DataStatus  lps22hb_driver.o
    0x0801204c   0x00000014   Code   RO         1262    i.LPS22HB_Get_DeviceID  lps22hb_driver.o
    0x08012060   0x00000070   Code   RO         1338    i.LPS22HB_Get_ODR   lps22hb_driver_hl.o
    0x080120d0   0x00000022   Code   RO         1273    i.LPS22HB_Get_Odr   lps22hb_driver.o
    0x080120f2   0x00000046   Code   RO         1275    i.LPS22HB_Get_Pressure  lps22hb_driver.o
    0x08012138   0x00000048   Code   RO         1282    i.LPS22HB_Get_Temperature  lps22hb_driver.o
    0x08012180   0x00000092   Code   RO         1339    i.LPS22HB_Initialize  lps22hb_driver_hl.o
    0x08012212   0x00000028   Code   RO         1340    i.LPS22HB_P_Check_WhoAmI  lps22hb_driver_hl.o
    0x0801223a   0x00000036   Code   RO         1341    i.LPS22HB_P_DeInit  lps22hb_driver_hl.o
    0x08012270   0x00000018   Code   RO         1342    i.LPS22HB_P_Get_DRDY_Status  lps22hb_driver_hl.o
    0x08012288   0x00000004   Code   RO         1343    i.LPS22HB_P_Get_ODR  lps22hb_driver_hl.o
    0x0801228c   0x00000030   Code   RO         1344    i.LPS22HB_P_Get_Press  lps22hb_driver_hl.o
    0x080122bc   0x0000000e   Code   RO         1345    i.LPS22HB_P_Get_WhoAmI  lps22hb_driver_hl.o
    0x080122ca   0x00000024   Code   RO         1346    i.LPS22HB_P_Init    lps22hb_driver_hl.o
    0x080122ee   0x00000012   Code   RO         1347    i.LPS22HB_P_Read_Reg  lps22hb_driver_hl.o
    0x08012300   0x00000028   Code   RO         1348    i.LPS22HB_P_Sensor_Disable  lps22hb_driver_hl.o
    0x08012328   0x0000002e   Code   RO         1349    i.LPS22HB_P_Sensor_Enable  lps22hb_driver_hl.o
    0x08012356   0x00000002   PAD
    0x08012358   0x0000008c   Code   RO         1350    i.LPS22HB_P_Set_ODR  lps22hb_driver_hl.o
    0x080123e4   0x00000078   Code   RO         1351    i.LPS22HB_P_Set_ODR_Value  lps22hb_driver_hl.o
    0x0801245c   0x00000016   Code   RO         1352    i.LPS22HB_P_Write_Reg  lps22hb_driver_hl.o
    0x08012472   0x00000014   Code   RO         1287    i.LPS22HB_ReadReg   lps22hb_driver.o
    0x08012486   0x00000036   Code   RO         1292    i.LPS22HB_Set_AutomaticIncrementRegAddress  lps22hb_driver.o
    0x080124bc   0x00000038   Code   RO         1293    i.LPS22HB_Set_Bdu   lps22hb_driver.o
    0x080124f4   0x00000036   Code   RO         1311    i.LPS22HB_Set_LowPassFilter  lps22hb_driver.o
    0x0801252a   0x00000034   Code   RO         1312    i.LPS22HB_Set_LowPassFilterCutoff  lps22hb_driver.o
    0x0801255e   0x00000002   PAD
    0x08012560   0x00000068   Code   RO         1353    i.LPS22HB_Set_ODR_Value_When_Enabled  lps22hb_driver_hl.o
    0x080125c8   0x00000034   Code   RO         1313    i.LPS22HB_Set_Odr   lps22hb_driver.o
    0x080125fc   0x00000034   Code   RO         1316    i.LPS22HB_Set_PowerMode  lps22hb_driver.o
    0x08012630   0x00000030   Code   RO         1321    i.LPS22HB_SwResetAndMemoryBoot  lps22hb_driver.o
    0x08012660   0x00000028   Code   RO         1354    i.LPS22HB_T_Check_WhoAmI  lps22hb_driver_hl.o
    0x08012688   0x00000036   Code   RO         1355    i.LPS22HB_T_DeInit  lps22hb_driver_hl.o
    0x080126be   0x00000018   Code   RO         1356    i.LPS22HB_T_Get_DRDY_Status  lps22hb_driver_hl.o
    0x080126d6   0x00000004   Code   RO         1357    i.LPS22HB_T_Get_ODR  lps22hb_driver_hl.o
    0x080126da   0x00000030   Code   RO         1358    i.LPS22HB_T_Get_Temp  lps22hb_driver_hl.o
    0x0801270a   0x0000000e   Code   RO         1359    i.LPS22HB_T_Get_WhoAmI  lps22hb_driver_hl.o
    0x08012718   0x00000024   Code   RO         1360    i.LPS22HB_T_Init    lps22hb_driver_hl.o
    0x0801273c   0x00000012   Code   RO         1361    i.LPS22HB_T_Read_Reg  lps22hb_driver_hl.o
    0x0801274e   0x00000028   Code   RO         1362    i.LPS22HB_T_Sensor_Disable  lps22hb_driver_hl.o
    0x08012776   0x0000002e   Code   RO         1363    i.LPS22HB_T_Sensor_Enable  lps22hb_driver_hl.o
    0x080127a4   0x0000008c   Code   RO         1364    i.LPS22HB_T_Set_ODR  lps22hb_driver_hl.o
    0x08012830   0x00000078   Code   RO         1365    i.LPS22HB_T_Set_ODR_Value  lps22hb_driver_hl.o
    0x080128a8   0x00000016   Code   RO         1366    i.LPS22HB_T_Write_Reg  lps22hb_driver_hl.o
    0x080128be   0x00000014   Code   RO         1322    i.LPS22HB_WriteReg  lps22hb_driver.o
    0x080128d2   0x00000002   PAD
    0x080128d4   0x0000015c   Code   RO         1372    i.LSM303AGR_ACC_Get_Acceleration  lsm303agr_acc_driver.o
    0x08012a30   0x00000014   Code   RO         1373    i.LSM303AGR_ACC_Get_Raw_Acceleration  lsm303agr_acc_driver.o
    0x08012a44   0x0000001e   Code   RO         1409    i.LSM303AGR_ACC_R_FullScale  lsm303agr_acc_driver.o
    0x08012a62   0x0000001e   Code   RO         1410    i.LSM303AGR_ACC_R_HiRes  lsm303agr_acc_driver.o
    0x08012a80   0x0000001e   Code   RO         1448    i.LSM303AGR_ACC_R_LOWPWR_EN  lsm303agr_acc_driver.o
    0x08012a9e   0x0000001e   Code   RO         1452    i.LSM303AGR_ACC_R_ODR  lsm303agr_acc_driver.o
    0x08012abc   0x00000014   Code   RO         1461    i.LSM303AGR_ACC_R_WHO_AM_I  lsm303agr_acc_driver.o
    0x08012ad0   0x0000001e   Code   RO         1463    i.LSM303AGR_ACC_R_XDataAvail  lsm303agr_acc_driver.o
    0x08012aee   0x0000001e   Code   RO         1466    i.LSM303AGR_ACC_R_XEN  lsm303agr_acc_driver.o
    0x08012b0c   0x0000001e   Code   RO         1473    i.LSM303AGR_ACC_R_YEN  lsm303agr_acc_driver.o
    0x08012b2a   0x0000001e   Code   RO         1478    i.LSM303AGR_ACC_R_ZEN  lsm303agr_acc_driver.o
    0x08012b48   0x00000010   Code   RO         1490    i.LSM303AGR_ACC_ReadReg  lsm303agr_acc_driver.o
    0x08012b58   0x00000036   Code   RO         1494    i.LSM303AGR_ACC_W_BlockDataUpdate  lsm303agr_acc_driver.o
    0x08012b8e   0x00000036   Code   RO         1510    i.LSM303AGR_ACC_W_FifoMode  lsm303agr_acc_driver.o
    0x08012bc4   0x00000036   Code   RO         1512    i.LSM303AGR_ACC_W_FullScale  lsm303agr_acc_driver.o
    0x08012bfa   0x00000036   Code   RO         1541    i.LSM303AGR_ACC_W_ODR  lsm303agr_acc_driver.o
    0x08012c30   0x00000036   Code   RO         1550    i.LSM303AGR_ACC_W_XEN  lsm303agr_acc_driver.o
    0x08012c66   0x00000036   Code   RO         1553    i.LSM303AGR_ACC_W_YEN  lsm303agr_acc_driver.o
    0x08012c9c   0x00000036   Code   RO         1556    i.LSM303AGR_ACC_W_ZEN  lsm303agr_acc_driver.o
    0x08012cd2   0x00000010   Code   RO         1563    i.LSM303AGR_ACC_WriteReg  lsm303agr_acc_driver.o
    0x08012ce2   0x00000014   Code   RO         1568    i.LSM303AGR_MAG_Get_Raw_Magnetic  lsm303agr_mag_driver.o
    0x08012cf6   0x0000001e   Code   RO         1586    i.LSM303AGR_MAG_R_ODR  lsm303agr_mag_driver.o
    0x08012d14   0x00000014   Code   RO         1600    i.LSM303AGR_MAG_R_WHO_AM_I  lsm303agr_mag_driver.o
    0x08012d28   0x0000001e   Code   RO         1610    i.LSM303AGR_MAG_R_ZYXDA  lsm303agr_mag_driver.o
    0x08012d46   0x00000010   Code   RO         1612    i.LSM303AGR_MAG_ReadReg  lsm303agr_mag_driver.o
    0x08012d56   0x00000036   Code   RO         1615    i.LSM303AGR_MAG_W_BDU  lsm303agr_mag_driver.o
    0x08012d8c   0x00000036   Code   RO         1626    i.LSM303AGR_MAG_W_MD  lsm303agr_mag_driver.o
    0x08012dc2   0x00000036   Code   RO         1627    i.LSM303AGR_MAG_W_ODR  lsm303agr_mag_driver.o
    0x08012df8   0x00000036   Code   RO         1637    i.LSM303AGR_MAG_W_ST  lsm303agr_mag_driver.o
    0x08012e2e   0x00000010   Code   RO         1641    i.LSM303AGR_MAG_WriteReg  lsm303agr_mag_driver.o
    0x08012e3e   0x00000026   Code   RO         1665    i.LSM303AGR_M_Check_WhoAmI  lsm303agr_mag_driver_hl.o
    0x08012e64   0x00000040   Code   RO         1666    i.LSM303AGR_M_DeInit  lsm303agr_mag_driver_hl.o
    0x08012ea4   0x0000006c   Code   RO         1667    i.LSM303AGR_M_Get_Axes  lsm303agr_mag_driver_hl.o
    0x08012f10   0x00000032   Code   RO         1668    i.LSM303AGR_M_Get_AxesRaw  lsm303agr_mag_driver_hl.o
    0x08012f42   0x00000022   Code   RO         1669    i.LSM303AGR_M_Get_DRDY_Status  lsm303agr_mag_driver_hl.o
    0x08012f64   0x00000010   Code   RO         1670    i.LSM303AGR_M_Get_FS  lsm303agr_mag_driver_hl.o
    0x08012f74   0x00000054   Code   RO         1671    i.LSM303AGR_M_Get_ODR  lsm303agr_mag_driver_hl.o
    0x08012fc8   0x0000000c   Code   RO         1672    i.LSM303AGR_M_Get_Sensitivity  lsm303agr_mag_driver_hl.o
    0x08012fd4   0x00000010   Code   RO         1673    i.LSM303AGR_M_Get_WhoAmI  lsm303agr_mag_driver_hl.o
    0x08012fe4   0x0000005a   Code   RO         1674    i.LSM303AGR_M_Init  lsm303agr_mag_driver_hl.o
    0x0801303e   0x00000012   Code   RO         1675    i.LSM303AGR_M_Read_Reg  lsm303agr_mag_driver_hl.o
    0x08013050   0x0000001e   Code   RO         1676    i.LSM303AGR_M_Sensor_Disable  lsm303agr_mag_driver_hl.o
    0x0801306e   0x00000024   Code   RO         1677    i.LSM303AGR_M_Sensor_Enable  lsm303agr_mag_driver_hl.o
    0x08013092   0x00000004   Code   RO         1678    i.LSM303AGR_M_Set_FS  lsm303agr_mag_driver_hl.o
    0x08013096   0x00000004   Code   RO         1679    i.LSM303AGR_M_Set_FS_Value  lsm303agr_mag_driver_hl.o
    0x0801309a   0x0000002c   Code   RO         1680    i.LSM303AGR_M_Set_ODR  lsm303agr_mag_driver_hl.o
    0x080130c6   0x00000002   PAD
    0x080130c8   0x00000048   Code   RO         1681    i.LSM303AGR_M_Set_ODR_Value  lsm303agr_mag_driver_hl.o
    0x08013110   0x00000018   Code   RO         1682    i.LSM303AGR_M_Write_Reg  lsm303agr_mag_driver_hl.o
    0x08013128   0x00000026   Code   RO         1642    i.LSM303AGR_X_Check_WhoAmI  lsm303agr_acc_driver_hl.o
    0x0801314e   0x00000002   PAD
    0x08013150   0x0000005c   Code   RO         1643    i.LSM303AGR_X_DeInit  lsm303agr_acc_driver_hl.o
    0x080131ac   0x00000026   Code   RO         1644    i.LSM303AGR_X_Get_Axes  lsm303agr_acc_driver_hl.o
    0x080131d2   0x0000008a   Code   RO         1645    i.LSM303AGR_X_Get_AxesRaw  lsm303agr_acc_driver_hl.o
    0x0801325c   0x0000005c   Code   RO         1646    i.LSM303AGR_X_Get_Axes_Status  lsm303agr_acc_driver_hl.o
    0x080132b8   0x00000020   Code   RO         1647    i.LSM303AGR_X_Get_DRDY_Status  lsm303agr_acc_driver_hl.o
    0x080132d8   0x0000004c   Code   RO         1648    i.LSM303AGR_X_Get_FS  lsm303agr_acc_driver_hl.o
    0x08013324   0x00000084   Code   RO         1649    i.LSM303AGR_X_Get_ODR  lsm303agr_acc_driver_hl.o
    0x080133a8   0x00000144   Code   RO         1650    i.LSM303AGR_X_Get_Sensitivity  lsm303agr_acc_driver_hl.o
    0x080134ec   0x00000010   Code   RO         1651    i.LSM303AGR_X_Get_WhoAmI  lsm303agr_acc_driver_hl.o
    0x080134fc   0x000000c0   Code   RO         1652    i.LSM303AGR_X_Init  lsm303agr_acc_driver_hl.o
    0x080135bc   0x00000012   Code   RO         1653    i.LSM303AGR_X_Read_Reg  lsm303agr_acc_driver_hl.o
    0x080135ce   0x00000030   Code   RO         1654    i.LSM303AGR_X_Sensor_Disable  lsm303agr_acc_driver_hl.o
    0x080135fe   0x00000028   Code   RO         1655    i.LSM303AGR_X_Sensor_Enable  lsm303agr_acc_driver_hl.o
    0x08013626   0x0000004a   Code   RO         1656    i.LSM303AGR_X_Set_Axes_Status  lsm303agr_acc_driver_hl.o
    0x08013670   0x00000022   Code   RO         1657    i.LSM303AGR_X_Set_FS  lsm303agr_acc_driver_hl.o
    0x08013692   0x0000003c   Code   RO         1658    i.LSM303AGR_X_Set_FS_Value  lsm303agr_acc_driver_hl.o
    0x080136ce   0x00000002   PAD
    0x080136d0   0x00000078   Code   RO         1659    i.LSM303AGR_X_Set_ODR  lsm303agr_acc_driver_hl.o
    0x08013748   0x000000a8   Code   RO         1660    i.LSM303AGR_X_Set_ODR_Value  lsm303agr_acc_driver_hl.o
    0x080137f0   0x0000007c   Code   RO         1661    i.LSM303AGR_X_Set_ODR_Value_When_Enabled  lsm303agr_acc_driver_hl.o
    0x0801386c   0x00000018   Code   RO         1662    i.LSM303AGR_X_Write_Reg  lsm303agr_acc_driver_hl.o
    0x08013884   0x00000042   Code   RO         1684    i.LSM6DSM_ACC_GYRO_GetRawAccData  lsm6dsm_acc_gyro_driver.o
    0x080138c6   0x00000042   Code   RO         1685    i.LSM6DSM_ACC_GYRO_GetRawGyroData  lsm6dsm_acc_gyro_driver.o
    0x08013908   0x00000042   Code   RO         1687    i.LSM6DSM_ACC_GYRO_Get_GetStepCounter  lsm6dsm_acc_gyro_driver.o
    0x0801394a   0x0000001c   Code   RO         1699    i.LSM6DSM_ACC_GYRO_R_D6D_EV_STATUS  lsm6dsm_acc_gyro_driver.o
    0x08013966   0x0000001c   Code   RO         1708    i.LSM6DSM_ACC_GYRO_R_DOUBLE_TAP_EV_STATUS  lsm6dsm_acc_gyro_driver.o
    0x08013982   0x0000001c   Code   RO         1717    i.LSM6DSM_ACC_GYRO_R_DSD_XH  lsm6dsm_acc_gyro_driver.o
    0x0801399e   0x0000001c   Code   RO         1718    i.LSM6DSM_ACC_GYRO_R_DSD_XL  lsm6dsm_acc_gyro_driver.o
    0x080139ba   0x0000001c   Code   RO         1719    i.LSM6DSM_ACC_GYRO_R_DSD_YH  lsm6dsm_acc_gyro_driver.o
    0x080139d6   0x0000001c   Code   RO         1720    i.LSM6DSM_ACC_GYRO_R_DSD_YL  lsm6dsm_acc_gyro_driver.o
    0x080139f2   0x0000001c   Code   RO         1721    i.LSM6DSM_ACC_GYRO_R_DSD_ZH  lsm6dsm_acc_gyro_driver.o
    0x08013a0e   0x0000001c   Code   RO         1722    i.LSM6DSM_ACC_GYRO_R_DSD_ZL  lsm6dsm_acc_gyro_driver.o
    0x08013a2a   0x0000001c   Code   RO         1729    i.LSM6DSM_ACC_GYRO_R_FF_EV_STATUS  lsm6dsm_acc_gyro_driver.o
    0x08013a46   0x0000001c   Code   RO         1740    i.LSM6DSM_ACC_GYRO_R_FS_125  lsm6dsm_acc_gyro_driver.o
    0x08013a62   0x0000001c   Code   RO         1741    i.LSM6DSM_ACC_GYRO_R_FS_G  lsm6dsm_acc_gyro_driver.o
    0x08013a7e   0x0000001c   Code   RO         1742    i.LSM6DSM_ACC_GYRO_R_FS_XL  lsm6dsm_acc_gyro_driver.o
    0x08013a9a   0x0000001c   Code   RO         1771    i.LSM6DSM_ACC_GYRO_R_ODR_G  lsm6dsm_acc_gyro_driver.o
    0x08013ab6   0x0000001c   Code   RO         1772    i.LSM6DSM_ACC_GYRO_R_ODR_XL  lsm6dsm_acc_gyro_driver.o
    0x08013ad2   0x0000001c   Code   RO         1778    i.LSM6DSM_ACC_GYRO_R_PEDO_EV_STATUS  lsm6dsm_acc_gyro_driver.o
    0x08013aee   0x0000001c   Code   RO         1790    i.LSM6DSM_ACC_GYRO_R_SINGLE_TAP_EV_STATUS  lsm6dsm_acc_gyro_driver.o
    0x08013b0a   0x0000001c   Code   RO         1824    i.LSM6DSM_ACC_GYRO_R_TILT_EV_STATUS  lsm6dsm_acc_gyro_driver.o
    0x08013b26   0x00000012   Code   RO         1836    i.LSM6DSM_ACC_GYRO_R_WHO_AM_I  lsm6dsm_acc_gyro_driver.o
    0x08013b38   0x0000001c   Code   RO         1840    i.LSM6DSM_ACC_GYRO_R_WU_EV_STATUS  lsm6dsm_acc_gyro_driver.o
    0x08013b54   0x00000012   Code   RO         1850    i.LSM6DSM_ACC_GYRO_ReadReg  lsm6dsm_acc_gyro_driver.o
    0x08013b66   0x00000032   Code   RO         1857    i.LSM6DSM_ACC_GYRO_W_6DEvOnInt2  lsm6dsm_acc_gyro_driver.o
    0x08013b98   0x00000032   Code   RO         1858    i.LSM6DSM_ACC_GYRO_W_BASIC_INT  lsm6dsm_acc_gyro_driver.o
    0x08013bca   0x00000032   Code   RO         1859    i.LSM6DSM_ACC_GYRO_W_BDU  lsm6dsm_acc_gyro_driver.o
    0x08013bfc   0x00000036   Code   RO         1884    i.LSM6DSM_ACC_GYRO_W_DUR  lsm6dsm_acc_gyro_driver.o
    0x08013c32   0x00000032   Code   RO         1885    i.LSM6DSM_ACC_GYRO_W_EmbeddedAccess  lsm6dsm_acc_gyro_driver.o
    0x08013c64   0x00000032   Code   RO         1888    i.LSM6DSM_ACC_GYRO_W_FFEvOnInt2  lsm6dsm_acc_gyro_driver.o
    0x08013c96   0x0000006a   Code   RO         1889    i.LSM6DSM_ACC_GYRO_W_FF_Duration  lsm6dsm_acc_gyro_driver.o
    0x08013d00   0x00000032   Code   RO         1890    i.LSM6DSM_ACC_GYRO_W_FF_THS  lsm6dsm_acc_gyro_driver.o
    0x08013d32   0x00000032   Code   RO         1891    i.LSM6DSM_ACC_GYRO_W_FIFO_MODE  lsm6dsm_acc_gyro_driver.o
    0x08013d64   0x00000032   Code   RO         1896    i.LSM6DSM_ACC_GYRO_W_FS_125  lsm6dsm_acc_gyro_driver.o
    0x08013d96   0x00000032   Code   RO         1897    i.LSM6DSM_ACC_GYRO_W_FS_G  lsm6dsm_acc_gyro_driver.o
    0x08013dc8   0x00000032   Code   RO         1898    i.LSM6DSM_ACC_GYRO_W_FS_XL  lsm6dsm_acc_gyro_driver.o
    0x08013dfa   0x00000032   Code   RO         1901    i.LSM6DSM_ACC_GYRO_W_FUNC_EN  lsm6dsm_acc_gyro_driver.o
    0x08013e2c   0x00000032   Code   RO         1911    i.LSM6DSM_ACC_GYRO_W_IF_Addr_Incr  lsm6dsm_acc_gyro_driver.o
    0x08013e5e   0x00000032   Code   RO         1925    i.LSM6DSM_ACC_GYRO_W_ODR_G  lsm6dsm_acc_gyro_driver.o
    0x08013e90   0x00000032   Code   RO         1926    i.LSM6DSM_ACC_GYRO_W_ODR_XL  lsm6dsm_acc_gyro_driver.o
    0x08013ec2   0x00000032   Code   RO         1930    i.LSM6DSM_ACC_GYRO_W_PEDO  lsm6dsm_acc_gyro_driver.o
    0x08013ef4   0x00000032   Code   RO         1933    i.LSM6DSM_ACC_GYRO_W_PedoStepReset  lsm6dsm_acc_gyro_driver.o
    0x08013f26   0x0000004e   Code   RO         1934    i.LSM6DSM_ACC_GYRO_W_PedoThreshold  lsm6dsm_acc_gyro_driver.o
    0x08013f74   0x00000036   Code   RO         1935    i.LSM6DSM_ACC_GYRO_W_QUIET_Duration  lsm6dsm_acc_gyro_driver.o
    0x08013faa   0x00000034   Code   RO         1938    i.LSM6DSM_ACC_GYRO_W_SHOCK_Duration  lsm6dsm_acc_gyro_driver.o
    0x08013fde   0x00000032   Code   RO         1940    i.LSM6DSM_ACC_GYRO_W_SINGLE_DOUBLE_TAP_EV  lsm6dsm_acc_gyro_driver.o
    0x08014010   0x00000032   Code   RO         1941    i.LSM6DSM_ACC_GYRO_W_SIXD_THS  lsm6dsm_acc_gyro_driver.o
    0x08014042   0x00000034   Code   RO         1942    i.LSM6DSM_ACC_GYRO_W_SLEEP_DUR  lsm6dsm_acc_gyro_driver.o
    0x08014076   0x00000032   Code   RO         1947    i.LSM6DSM_ACC_GYRO_W_STEP_DELTA_on_INT2  lsm6dsm_acc_gyro_driver.o
    0x080140a8   0x00000032   Code   RO         1957    i.LSM6DSM_ACC_GYRO_W_SingleTapOnInt2  lsm6dsm_acc_gyro_driver.o
    0x080140da   0x00000034   Code   RO         1962    i.LSM6DSM_ACC_GYRO_W_TAP_THS  lsm6dsm_acc_gyro_driver.o
    0x0801410e   0x00000032   Code   RO         1963    i.LSM6DSM_ACC_GYRO_W_TAP_X_EN  lsm6dsm_acc_gyro_driver.o
    0x08014140   0x00000032   Code   RO         1964    i.LSM6DSM_ACC_GYRO_W_TAP_Y_EN  lsm6dsm_acc_gyro_driver.o
    0x08014172   0x00000032   Code   RO         1965    i.LSM6DSM_ACC_GYRO_W_TAP_Z_EN  lsm6dsm_acc_gyro_driver.o
    0x080141a4   0x00000032   Code   RO         1966    i.LSM6DSM_ACC_GYRO_W_TILT  lsm6dsm_acc_gyro_driver.o
    0x080141d6   0x00000032   Code   RO         1968    i.LSM6DSM_ACC_GYRO_W_TIMER_HR  lsm6dsm_acc_gyro_driver.o
    0x08014208   0x00000032   Code   RO         1972    i.LSM6DSM_ACC_GYRO_W_TapEvOnInt2  lsm6dsm_acc_gyro_driver.o
    0x0801423a   0x00000032   Code   RO         1974    i.LSM6DSM_ACC_GYRO_W_TiltEvOnInt2  lsm6dsm_acc_gyro_driver.o
    0x0801426c   0x00000036   Code   RO         1977    i.LSM6DSM_ACC_GYRO_W_WAKE_DUR  lsm6dsm_acc_gyro_driver.o
    0x080142a2   0x00000034   Code   RO         1978    i.LSM6DSM_ACC_GYRO_W_WK_THS  lsm6dsm_acc_gyro_driver.o
    0x080142d6   0x00000032   Code   RO         1980    i.LSM6DSM_ACC_GYRO_W_WUEvOnInt2  lsm6dsm_acc_gyro_driver.o
    0x08014308   0x00000018   Code   RO         1982    i.LSM6DSM_ACC_GYRO_WriteReg  lsm6dsm_acc_gyro_driver.o
    0x08014320   0x00000026   Code   RO         1989    i.LSM6DSM_Check_WhoAmI  lsm6dsm_acc_gyro_driver_hl.o
    0x08014346   0x00000004   Code   RO         1990    i.LSM6DSM_G_Check_WhoAmI  lsm6dsm_acc_gyro_driver_hl.o
    0x0801434a   0x00000002   PAD
    0x0801434c   0x00000054   Code   RO         1991    i.LSM6DSM_G_DeInit  lsm6dsm_acc_gyro_driver_hl.o
    0x080143a0   0x000000b8   Code   RO         1992    i.LSM6DSM_G_Get_Axes  lsm6dsm_acc_gyro_driver_hl.o
    0x08014458   0x00000060   Code   RO         1993    i.LSM6DSM_G_Get_AxesRaw  lsm6dsm_acc_gyro_driver_hl.o
    0x080144b8   0x00000088   Code   RO         1994    i.LSM6DSM_G_Get_FS  lsm6dsm_acc_gyro_driver_hl.o
    0x08014540   0x000000b0   Code   RO         1995    i.LSM6DSM_G_Get_ODR  lsm6dsm_acc_gyro_driver_hl.o
    0x080145f0   0x00000088   Code   RO         1996    i.LSM6DSM_G_Get_Sensitivity  lsm6dsm_acc_gyro_driver_hl.o
    0x08014678   0x00000010   Code   RO         1997    i.LSM6DSM_G_Get_WhoAmI  lsm6dsm_acc_gyro_driver_hl.o
    0x08014688   0x00000064   Code   RO         1998    i.LSM6DSM_G_Init    lsm6dsm_acc_gyro_driver_hl.o
    0x080146ec   0x00000030   Code   RO         1999    i.LSM6DSM_G_Sensor_Disable  lsm6dsm_acc_gyro_driver_hl.o
    0x0801471c   0x00000028   Code   RO         2000    i.LSM6DSM_G_Sensor_Enable  lsm6dsm_acc_gyro_driver_hl.o
    0x08014744   0x00000022   Code   RO         2001    i.LSM6DSM_G_Set_FS  lsm6dsm_acc_gyro_driver_hl.o
    0x08014766   0x00000002   PAD
    0x08014768   0x00000074   Code   RO         2002    i.LSM6DSM_G_Set_FS_Value  lsm6dsm_acc_gyro_driver_hl.o
    0x080147dc   0x0000006c   Code   RO         2003    i.LSM6DSM_G_Set_ODR  lsm6dsm_acc_gyro_driver_hl.o
    0x08014848   0x000000f8   Code   RO         2004    i.LSM6DSM_G_Set_ODR_Value  lsm6dsm_acc_gyro_driver_hl.o
    0x08014940   0x000000b4   Code   RO         2005    i.LSM6DSM_G_Set_ODR_Value_When_Enabled  lsm6dsm_acc_gyro_driver_hl.o
    0x080149f4   0x00000050   Code   RO         2128    i.LSM6DSM_Sensor_IO_ITConfig  sensortile.o
    0x08014a44   0x00000004   Code   RO         2006    i.LSM6DSM_X_Check_WhoAmI  lsm6dsm_acc_gyro_driver_hl.o
    0x08014a48   0x00000138   Code   RO         2007    i.LSM6DSM_X_DeInit  lsm6dsm_acc_gyro_driver_hl.o
    0x08014b80   0x00000028   Code   RO         2008    i.LSM6DSM_X_Disable_6D_Orientation  lsm6dsm_acc_gyro_driver_hl.o
    0x08014ba8   0x00000070   Code   RO         2009    i.LSM6DSM_X_Disable_Double_Tap_Detection  lsm6dsm_acc_gyro_driver_hl.o
    0x08014c18   0x00000032   Code   RO         2010    i.LSM6DSM_X_Disable_Free_Fall_Detection  lsm6dsm_acc_gyro_driver_hl.o
    0x08014c4a   0x00000032   Code   RO         2011    i.LSM6DSM_X_Disable_Pedometer  lsm6dsm_acc_gyro_driver_hl.o
    0x08014c7c   0x0000005a   Code   RO         2012    i.LSM6DSM_X_Disable_Single_Tap_Detection  lsm6dsm_acc_gyro_driver_hl.o
    0x08014cd6   0x00000012   Code   RO         2013    i.LSM6DSM_X_Disable_Step_Counter_Reset  lsm6dsm_acc_gyro_driver_hl.o
    0x08014ce8   0x00000028   Code   RO         2014    i.LSM6DSM_X_Disable_Tilt_Detection  lsm6dsm_acc_gyro_driver_hl.o
    0x08014d10   0x00000032   Code   RO         2015    i.LSM6DSM_X_Disable_Wake_Up_Detection  lsm6dsm_acc_gyro_driver_hl.o
    0x08014d42   0x00000002   PAD
    0x08014d44   0x00000044   Code   RO         2016    i.LSM6DSM_X_Enable_6D_Orientation  lsm6dsm_acc_gyro_driver_hl.o
    0x08014d88   0x00000090   Code   RO         2017    i.LSM6DSM_X_Enable_Double_Tap_Detection  lsm6dsm_acc_gyro_driver_hl.o
    0x08014e18   0x0000006c   Code   RO         2018    i.LSM6DSM_X_Enable_Free_Fall_Detection  lsm6dsm_acc_gyro_driver_hl.o
    0x08014e84   0x0000004a   Code   RO         2019    i.LSM6DSM_X_Enable_Pedometer  lsm6dsm_acc_gyro_driver_hl.o
    0x08014ece   0x00000002   PAD
    0x08014ed0   0x00000078   Code   RO         2020    i.LSM6DSM_X_Enable_Single_Tap_Detection  lsm6dsm_acc_gyro_driver_hl.o
    0x08014f48   0x00000012   Code   RO         2021    i.LSM6DSM_X_Enable_Step_Counter_Reset  lsm6dsm_acc_gyro_driver_hl.o
    0x08014f5a   0x00000040   Code   RO         2022    i.LSM6DSM_X_Enable_Tilt_Detection  lsm6dsm_acc_gyro_driver_hl.o
    0x08014f9a   0x00000002   PAD
    0x08014f9c   0x00000050   Code   RO         2023    i.LSM6DSM_X_Enable_Wake_Up_Detection  lsm6dsm_acc_gyro_driver_hl.o
    0x08014fec   0x00000022   Code   RO         2024    i.LSM6DSM_X_Get_6D_Orientation_Status  lsm6dsm_acc_gyro_driver_hl.o
    0x0801500e   0x00000022   Code   RO         2025    i.LSM6DSM_X_Get_6D_Orientation_XH  lsm6dsm_acc_gyro_driver_hl.o
    0x08015030   0x00000020   Code   RO         2026    i.LSM6DSM_X_Get_6D_Orientation_XL  lsm6dsm_acc_gyro_driver_hl.o
    0x08015050   0x00000022   Code   RO         2027    i.LSM6DSM_X_Get_6D_Orientation_YH  lsm6dsm_acc_gyro_driver_hl.o
    0x08015072   0x00000022   Code   RO         2028    i.LSM6DSM_X_Get_6D_Orientation_YL  lsm6dsm_acc_gyro_driver_hl.o
    0x08015094   0x00000022   Code   RO         2029    i.LSM6DSM_X_Get_6D_Orientation_ZH  lsm6dsm_acc_gyro_driver_hl.o
    0x080150b6   0x00000022   Code   RO         2030    i.LSM6DSM_X_Get_6D_Orientation_ZL  lsm6dsm_acc_gyro_driver_hl.o
    0x080150d8   0x000000dc   Code   RO         2031    i.LSM6DSM_X_Get_Axes  lsm6dsm_acc_gyro_driver_hl.o
    0x080151b4   0x00000060   Code   RO         2032    i.LSM6DSM_X_Get_AxesRaw  lsm6dsm_acc_gyro_driver_hl.o
    0x08015214   0x00000022   Code   RO         2033    i.LSM6DSM_X_Get_Double_Tap_Detection_Status  lsm6dsm_acc_gyro_driver_hl.o
    0x08015236   0x0000004c   Code   RO         2034    i.LSM6DSM_X_Get_FS  lsm6dsm_acc_gyro_driver_hl.o
    0x08015282   0x00000022   Code   RO         2035    i.LSM6DSM_X_Get_Free_Fall_Detection_Status  lsm6dsm_acc_gyro_driver_hl.o
    0x080152a4   0x000000b0   Code   RO         2036    i.LSM6DSM_X_Get_ODR  lsm6dsm_acc_gyro_driver_hl.o
    0x08015354   0x00000022   Code   RO         2037    i.LSM6DSM_X_Get_Pedometer_Status  lsm6dsm_acc_gyro_driver_hl.o
    0x08015376   0x00000002   PAD
    0x08015378   0x0000005c   Code   RO         2038    i.LSM6DSM_X_Get_Sensitivity  lsm6dsm_acc_gyro_driver_hl.o
    0x080153d4   0x00000022   Code   RO         2039    i.LSM6DSM_X_Get_Single_Tap_Detection_Status  lsm6dsm_acc_gyro_driver_hl.o
    0x080153f6   0x00000010   Code   RO         2040    i.LSM6DSM_X_Get_Step_Count  lsm6dsm_acc_gyro_driver_hl.o
    0x08015406   0x00000022   Code   RO         2041    i.LSM6DSM_X_Get_Tilt_Detection_Status  lsm6dsm_acc_gyro_driver_hl.o
    0x08015428   0x00000022   Code   RO         2042    i.LSM6DSM_X_Get_Wake_Up_Detection_Status  lsm6dsm_acc_gyro_driver_hl.o
    0x0801544a   0x00000010   Code   RO         2043    i.LSM6DSM_X_Get_WhoAmI  lsm6dsm_acc_gyro_driver_hl.o
    0x0801545a   0x00000002   PAD
    0x0801545c   0x00000064   Code   RO         2044    i.LSM6DSM_X_Init    lsm6dsm_acc_gyro_driver_hl.o
    0x080154c0   0x00000030   Code   RO         2045    i.LSM6DSM_X_Sensor_Disable  lsm6dsm_acc_gyro_driver_hl.o
    0x080154f0   0x00000028   Code   RO         2046    i.LSM6DSM_X_Sensor_Enable  lsm6dsm_acc_gyro_driver_hl.o
    0x08015518   0x00000022   Code   RO         2047    i.LSM6DSM_X_Set_FS  lsm6dsm_acc_gyro_driver_hl.o
    0x0801553a   0x0000003c   Code   RO         2048    i.LSM6DSM_X_Set_FS_Value  lsm6dsm_acc_gyro_driver_hl.o
    0x08015576   0x00000010   Code   RO         2049    i.LSM6DSM_X_Set_Free_Fall_Threshold  lsm6dsm_acc_gyro_driver_hl.o
    0x08015586   0x00000002   PAD
    0x08015588   0x0000006c   Code   RO         2050    i.LSM6DSM_X_Set_ODR  lsm6dsm_acc_gyro_driver_hl.o
    0x080155f4   0x000000f8   Code   RO         2051    i.LSM6DSM_X_Set_ODR_Value  lsm6dsm_acc_gyro_driver_hl.o
    0x080156ec   0x000000b4   Code   RO         2052    i.LSM6DSM_X_Set_ODR_Value_When_Enabled  lsm6dsm_acc_gyro_driver_hl.o
    0x080157a0   0x00000010   Code   RO         2053    i.LSM6DSM_X_Set_Pedometer_Threshold  lsm6dsm_acc_gyro_driver_hl.o
    0x080157b0   0x00000010   Code   RO         2054    i.LSM6DSM_X_Set_Tap_Duration_Time  lsm6dsm_acc_gyro_driver_hl.o
    0x080157c0   0x00000010   Code   RO         2055    i.LSM6DSM_X_Set_Tap_Quiet_Time  lsm6dsm_acc_gyro_driver_hl.o
    0x080157d0   0x00000010   Code   RO         2056    i.LSM6DSM_X_Set_Tap_Shock_Time  lsm6dsm_acc_gyro_driver_hl.o
    0x080157e0   0x00000010   Code   RO         2057    i.LSM6DSM_X_Set_Tap_Threshold  lsm6dsm_acc_gyro_driver_hl.o
    0x080157f0   0x00000010   Code   RO         2058    i.LSM6DSM_X_Set_Wake_Up_Threshold  lsm6dsm_acc_gyro_driver_hl.o
    0x08015800   0x00000002   Code   RO          136    i.MemManage_Handler  stm32l4xx_it.o
    0x08015802   0x00000002   Code   RO          137    i.NMI_Handler       stm32l4xx_it.o
    0x08015804   0x00000004   Code   RO          254    i.Osal_MemCpy       osal.o
    0x08015808   0x00000004   Code   RO          255    i.Osal_MemSet       osal.o
    0x0801580c   0x00000002   Code   RO          138    i.PendSV_Handler    stm32l4xx_it.o
    0x0801580e   0x00000002   PAD
    0x08015810   0x0000019c   Code   RO          764    i.RCCEx_PLLSAI1_Config  stm32l4xx_hal_rcc_ex.o
    0x080159ac   0x00000164   Code   RO          765    i.RCCEx_PLLSAI2_Config  stm32l4xx_hal_rcc_ex.o
    0x08015b10   0x00000080   Code   RO          742    i.RCC_SetFlashLatencyFromMSIRange  stm32l4xx_hal_rcc.o
    0x08015b90   0x00000030   Code   RO          874    i.SPI_EndRxTxTransaction  stm32l4xx_hal_spi.o
    0x08015bc0   0x000000ae   Code   RO          881    i.SPI_WaitFifoStateUntilTimeout  stm32l4xx_hal_spi.o
    0x08015c6e   0x00000098   Code   RO          882    i.SPI_WaitFlagStateUntilTimeout  stm32l4xx_hal_spi.o
    0x08015d06   0x00000008   Code   RO         2063    i.STC3115_DeInit    stc3115_driver.o
    0x08015d0e   0x00000010   Code   RO         2064    i.STC3115_GetAlarmStatus  stc3115_driver.o
    0x08015d1e   0x0000000c   Code   RO         2065    i.STC3115_GetChargeValue  stc3115_driver.o
    0x08015d2a   0x0000000c   Code   RO         2066    i.STC3115_GetCurrent  stc3115_driver.o
    0x08015d36   0x0000000c   Code   RO         2067    i.STC3115_GetOCV    stc3115_driver.o
    0x08015d42   0x0000000c   Code   RO         2068    i.STC3115_GetPresence  stc3115_driver.o
    0x08015d4e   0x00000002   PAD
    0x08015d50   0x00000020   Code   RO         2069    i.STC3115_GetSOC    stc3115_driver.o
    0x08015d70   0x0000000c   Code   RO         2070    i.STC3115_GetTemperature  stc3115_driver.o
    0x08015d7c   0x0000000c   Code   RO         2071    i.STC3115_GetVoltage  stc3115_driver.o
    0x08015d88   0x00000018   Code   RO         2072    i.STC3115_Get_WhoAmI  stc3115_driver.o
    0x08015da0   0x00000246   Code   RO         2073    i.STC3115_Init      stc3115_driver.o
    0x08015fe6   0x00000040   Code   RO         2074    i.STC3115_Reset     stc3115_driver.o
    0x08016026   0x000000e8   Code   RO         2075    i.STC3115_SetParam  stc3115_driver.o
    0x0801610e   0x0000004c   Code   RO         2076    i.STC3115_Status    stc3115_driver.o
    0x0801615a   0x0000005c   Code   RO         2077    i.STC3115_Stop      stc3115_driver.o
    0x080161b6   0x00000002   PAD
    0x080161b8   0x0000036a   Code   RO         2078    i.STC3115_Task      stc3115_driver.o
    0x08016522   0x0000003a   Code   RO         2079    i.STC3115_UpdateRamCRC  stc3115_driver.o
    0x0801655c   0x00000010   Code   RO         2080    i.STC3115_Write     stc3115_driver.o
    0x0801656c   0x00000002   Code   RO          139    i.SVC_Handler       stm32l4xx_it.o
    0x0801656e   0x00000002   PAD
    0x08016570   0x000001d0   Code   RO         2347    i.SensorTile_oledShow  sensortile_oledshow.o
    0x08016740   0x0000000e   Code   RO         2143    i.Sensor_IO_I2C_Init  sensortile.o
    0x0801674e   0x00000002   PAD
    0x08016750   0x00000074   Code   RO         2146    i.Sensor_IO_Read    sensortile.o
    0x080167c4   0x00000044   Code   RO         2147    i.Sensor_IO_SPI_CS_Disable  sensortile.o
    0x08016808   0x00000044   Code   RO         2148    i.Sensor_IO_SPI_CS_Enable  sensortile.o
    0x0801684c   0x000000e0   Code   RO         2149    i.Sensor_IO_SPI_CS_Init  sensortile.o
    0x0801692c   0x000000c4   Code   RO         2150    i.Sensor_IO_SPI_CS_Init_All  sensortile.o
    0x080169f0   0x000000c0   Code   RO         2151    i.Sensor_IO_SPI_Init  sensortile.o
    0x08016ab0   0x000000b8   Code   RO         2152    i.Sensor_IO_SPI_Read  sensortile.o
    0x08016b68   0x00000078   Code   RO         2153    i.Sensor_IO_SPI_Write  sensortile.o
    0x08016be0   0x00000074   Code   RO         2154    i.Sensor_IO_Write   sensortile.o
    0x08016c54   0x00000068   Code   RO          112    i.Stderr_Update     sensor_service.o
    0x08016cbc   0x00000004   Code   RO          140    i.SysTick_Handler   stm32l4xx_it.o
    0x08016cc0   0x0000004c   Code   RO         1186    i.SystemInit        system_stm32l4xx.o
    0x08016d0c   0x0000000c   Code   RO          141    i.TIM1_CC_IRQHandler  stm32l4xx_it.o
    0x08016d18   0x0000000c   Code   RO          142    i.TIM4_IRQHandler   stm32l4xx_it.o
    0x08016d24   0x000000b8   Code   RO          976    i.TIM_Base_SetConfig  stm32l4xx_hal_tim.o
    0x08016ddc   0x000000a0   Code   RO          984    i.TIM_OC1_SetConfig  stm32l4xx_hal_tim.o
    0x08016e7c   0x0000008c   Code   RO          985    i.TIM_OC2_SetConfig  stm32l4xx_hal_tim.o
    0x08016f08   0x0000008c   Code   RO          986    i.TIM_OC3_SetConfig  stm32l4xx_hal_tim.o
    0x08016f94   0x0000001c   Code   RO          259    i.Timer_Expired     gp_timer.o
    0x08016fb0   0x0000000e   Code   RO          263    i.Timer_Set         gp_timer.o
    0x08016fbe   0x00000002   PAD
    0x08016fc0   0x00000108   Code   RO           34    i.UpdateOledSensorData  main.o
    0x080170c8   0x00000002   Code   RO          143    i.UsageFault_Handler  stm32l4xx_it.o
    0x080170ca   0x00000002   PAD
    0x080170cc   0x00000020   Code   RO         2682    i.__0printf         mc_w.l(printfa.o)
    0x080170ec   0x00000028   Code   RO         2684    i.__0sprintf        mc_w.l(printfa.o)
    0x08017114   0x0000000a   Code   RO         2489    i.__ARM_common_memclr4_9  osxMotionFX107_CM4_Keil_ot.lib(osx_motion_fx.o)
    0x0801711e   0x00000012   Code   RO         2488    i.__ARM_common_memset4_12  osxMotionFX107_CM4_Keil_ot.lib(osx_motion_fx.o)
    0x08017130   0x00000030   Code   RO         2730    i.__ARM_fpclassify  m_wm.l(fpclassify.o)
    0x08017160   0x00000384   Code   RO         2502    i.__hardfp_asin     m_wm.l(asin.o)
    0x080174e4   0x00000004   PAD
    0x080174e8   0x000002d8   Code   RO         2510    i.__hardfp_atan     m_wm.l(atan.o)
    0x080177c0   0x000001f0   Code   RO         2518    i.__hardfp_atan2    m_wm.l(atan2.o)
    0x080179b0   0x00000118   Code   RO         2527    i.__hardfp_floor    m_wm.l(floor.o)
    0x08017ac8   0x00000074   Code   RO         2530    i.__hardfp_fmax     m_wm.l(fmax.o)
    0x08017b3c   0x00000004   PAD
    0x08017b40   0x00000c80   Code   RO         2532    i.__hardfp_pow      m_wm.l(pow.o)
    0x080187c0   0x0000007a   Code   RO         2540    i.__hardfp_sqrt     m_wm.l(sqrt.o)
    0x0801883a   0x000000f8   Code   RO         2731    i.__kernel_poly     m_wm.l(poly.o)
    0x08018932   0x00000006   PAD
    0x08018938   0x00000030   Code   RO         2723    i.__mathlib_dbl_divzero  m_wm.l(dunder.o)
    0x08018968   0x00000014   Code   RO         2724    i.__mathlib_dbl_infnan  m_wm.l(dunder.o)
    0x0801897c   0x00000014   Code   RO         2725    i.__mathlib_dbl_infnan2  m_wm.l(dunder.o)
    0x08018990   0x00000020   Code   RO         2726    i.__mathlib_dbl_invalid  m_wm.l(dunder.o)
    0x080189b0   0x00000020   Code   RO         2727    i.__mathlib_dbl_overflow  m_wm.l(dunder.o)
    0x080189d0   0x00000020   Code   RO         2729    i.__mathlib_dbl_underflow  m_wm.l(dunder.o)
    0x080189f0   0x0000000e   Code   RO         2789    i.__scatterload_copy  mc_w.l(handlers.o)
    0x080189fe   0x00000002   Code   RO         2790    i.__scatterload_null  mc_w.l(handlers.o)
    0x08018a00   0x0000000e   Code   RO         2791    i.__scatterload_zeroinit  mc_w.l(handlers.o)
    0x08018a0e   0x00000002   PAD
    0x08018a10   0x0000000c   Code   RO         2757    i.__set_errno       mc_w.l(errno.o)
    0x08018a1c   0x0000016a   Code   RO         2689    i._fp_digits        mc_w.l(printfa.o)
    0x08018b86   0x00000002   PAD
    0x08018b88   0x000006e2   Code   RO         2690    i._printf_core      mc_w.l(printfa.o)
    0x0801926a   0x00000024   Code   RO         2691    i._printf_post_padding  mc_w.l(printfa.o)
    0x0801928e   0x0000002e   Code   RO         2692    i._printf_pre_padding  mc_w.l(printfa.o)
    0x080192bc   0x0000000a   Code   RO         2694    i._sputc            mc_w.l(printfa.o)
    0x080192c6   0x00000070   Code   RO          288    i.aci_gap_init_IDB04A1  bluenrg_gap_aci.o
    0x08019336   0x00000078   Code   RO          289    i.aci_gap_init_IDB05A1  bluenrg_gap_aci.o
    0x080193ae   0x0000007e   Code   RO          295    i.aci_gap_set_auth_requirement  bluenrg_gap_aci.o
    0x0801942c   0x000000c2   Code   RO          327    i.aci_gatt_add_char  bluenrg_gatt_aci.o
    0x080194ee   0x00000088   Code   RO          329    i.aci_gatt_add_serv  bluenrg_gatt_aci.o
    0x08019576   0x0000003e   Code   RO          343    i.aci_gatt_init     bluenrg_gatt_aci.o
    0x080195b4   0x00000088   Code   RO          356    i.aci_gatt_update_char_value  bluenrg_gatt_aci.o
    0x0801963c   0x0000004c   Code   RO          371    i.aci_hal_set_tx_power_level  bluenrg_hal_aci.o
    0x08019688   0x00000010   Code   RO         2512    i.atan              m_wm.l(atan.o)
    0x08019698   0x00000018   Code   RO         2526    i.fabs              m_wm.l(fabs.o)
    0x080196b0   0x00000012   Code   RO         2747    i.fputc             mc_w.l(fputc.o)
    0x080196c2   0x0000004c   Code   RO          395    i.getBlueNRGVersion  bluenrg_utils.o
    0x0801970e   0x00000082   Code   RO          230    i.hci_le_read_local_version  hci.o
    0x08019790   0x0000005a   Code   RO          238    i.hci_le_set_random_address  hci.o
    0x080197ea   0x00000002   PAD
    0x080197ec   0x00000200   Code   RO          249    i.hci_send_req      hci.o
    0x080199ec   0x0000001e   Code   RO          269    i.list_get_size     ble_list.o
    0x08019a0a   0x00000006   Code   RO          270    i.list_init_head    ble_list.o
    0x08019a10   0x00000018   Code   RO          271    i.list_insert_head  ble_list.o
    0x08019a28   0x00000018   Code   RO          274    i.list_insert_tail  ble_list.o
    0x08019a40   0x00000018   Code   RO          275    i.list_is_empty     ble_list.o
    0x08019a58   0x0000003c   Code   RO          276    i.list_remove_head  ble_list.o
    0x08019a94   0x0000003c   Code   RO          278    i.list_remove_tail  ble_list.o
    0x08019ad0   0x00000470   Code   RO           35    i.main              main.o
    0x08019f40   0x0000006e   Code   RO         2542    i.sqrt              m_wm.l(sqrt.o)
    0x08019fae   0x00000002   PAD
    0x08019fb0   0x00000024   Code   RO         2106    i.ssd1306_ClearScreen  ssd1306.o
    0x08019fd4   0x0000004c   Code   RO         2107    i.ssd1306_DrawPixel  ssd1306.o
    0x0801a020   0x00000180   Code   RO         2109    i.ssd1306_Init      ssd1306.o
    0x0801a1a0   0x0000000c   Code   RO         2110    i.ssd1306_SetCursor  ssd1306.o
    0x0801a1ac   0x0000004c   Code   RO         2111    i.ssd1306_UpdateScreen  ssd1306.o
    0x0801a1f8   0x000000ae   Code   RO         2112    i.ssd1306_WriteChar  ssd1306.o
    0x0801a2a6   0x00000002   PAD
    0x0801a2a8   0x000000c6   Code   RO         2113    i.ssd1306_WriteChineseString  ssd1306.o
    0x0801a36e   0x00000002   PAD
    0x0801a370   0x00000024   Code   RO         2114    i.ssd1306_WriteCommand  ssd1306.o
    0x0801a394   0x000000de   Code   RO         2115    i.ssd1306_WriteString  ssd1306.o
    0x0801a472   0x00000002   PAD
    0x0801a474   0x00000040   Data   RO         1187    .constdata          system_stm32l4xx.o
    0x0801a4b4   0x00000004   PAD
    0x0801a4b8   0x00000060   Data   RO         1564    .constdata          lsm303agr_acc_driver.o
    0x0801a518   0x00000040   Data   RO         2081    .constdata          stc3115_driver.o
    0x0801a558   0x0000076c   Data   RO         2086    .constdata          fonts.o
    0x0801acc4   0x00000c00   Data   RO         2087    .constdata          fonts.o
    0x0801b8c4   0x00000d5c   Data   RO         2088    .constdata          fonts.o
    0x0801c620   0x000002c0   Data   RO         2090    .constdata          fonts.o
    0x0801c8e0   0x00000008   Data   RO         2156    .constdata          sensortile.o
    0x0801c8e8   0x00000280   Data   RO         2485    .constdata          osxMotionFX107_CM4_Keil_ot.lib(osx_motion_fx.o)
    0x0801cb68   0x00000050   Data   RO         2505    .constdata          m_wm.l(asin.o)
    0x0801cbb8   0x00000098   Data   RO         2513    .constdata          m_wm.l(atan.o)
    0x0801cc50   0x00000088   Data   RO         2535    .constdata          m_wm.l(pow.o)
    0x0801ccd8   0x00000008   Data   RO         2732    .constdata          m_wm.l(qnan.o)
    0x0801cce0   0x00000020   Data   RO         2787    Region$$Table       anon$$obj.o


    Execution Region RW_IRAM2 (Base: 0x10000000, Size: 0x00000000, Max: 0x00008000, ABSOLUTE)

    **** No section assigned to this execution region ****


    Execution Region RW_IRAM1 (Base: 0x20000000, Size: 0x0000c1b0, Max: 0x00018000, ABSOLUTE, COMPRESSED[0x0000039c])

    Base Addr    Size         Type   Attr      Idx    E Section Name        Object

    0x20000000   0x00000008   Data   RW           23    .data               hwadvancefeatures.o
    0x20000008   0x00000046   Data   RW           38    .data               main.o
    0x2000004e   0x00000002   PAD
    0x20000050   0x00000004   Data   RW           42    .data               main.o
    0x20000054   0x00000044   Data   RW          118    .data               sensor_service.o
    0x20000098   0x00000014   Data   RW          253    .data               hci.o
    0x200000ac   0x00000004   Data   RW          434    .data               stm32l4xx_hal.o
    0x200000b0   0x00000004   Data   RW         1189    .data               system_stm32l4xx.o
    0x200000b4   0x00000034   Data   RW         1256    .data               hts221_driver_hl.o
    0x200000e8   0x00000034   Data   RW         1257    .data               hts221_driver_hl.o
    0x2000011c   0x00000004   Data   RW         1258    .data               hts221_driver_hl.o
    0x20000120   0x00000034   Data   RW         1367    .data               lps22hb_driver_hl.o
    0x20000154   0x00000034   Data   RW         1368    .data               lps22hb_driver_hl.o
    0x20000188   0x00000008   Data   RW         1371    .data               lps22hb_driver_hl.o
    0x20000190   0x00000050   Data   RW         1663    .data               lsm303agr_acc_driver_hl.o
    0x200001e0   0x00000002   Data   RW         1664    .data               lsm303agr_acc_driver_hl.o
    0x200001e2   0x00000002   PAD
    0x200001e4   0x00000048   Data   RW         1683    .data               lsm303agr_mag_driver_hl.o
    0x2000022c   0x00000094   Data   RW         2059    .data               lsm6dsm_acc_gyro_driver_hl.o
    0x200002c0   0x00000050   Data   RW         2060    .data               lsm6dsm_acc_gyro_driver_hl.o
    0x20000310   0x00000050   Data   RW         2061    .data               lsm6dsm_acc_gyro_driver_hl.o
    0x20000360   0x00000002   Data   RW         2062    .data               lsm6dsm_acc_gyro_driver_hl.o
    0x20000362   0x00000002   PAD
    0x20000364   0x0000005c   Data   RW         2082    .data               stc3115_driver.o
    0x200003c0   0x00000008   Data   RW         2091    .data               fonts.o
    0x200003c8   0x00000008   Data   RW         2092    .data               fonts.o
    0x200003d0   0x00000008   Data   RW         2094    .data               fonts.o
    0x200003d8   0x00000008   Data   RW         2095    .data               fonts.o
    0x200003e0   0x00000006   Data   RW         2117    .data               ssd1306.o
    0x200003e6   0x00000002   PAD
    0x200003e8   0x00000010   Data   RW         2157    .data               sensortile.o
    0x200003f8   0x00000010   Data   RW         2224    .data               sensortile_accelero.o
    0x20000408   0x00000008   Data   RW         2262    .data               sensortile_gg.o
    0x20000410   0x00000010   Data   RW         2292    .data               sensortile_gyro.o
    0x20000420   0x0000000c   Data   RW         2315    .data               sensortile_humidity.o
    0x2000042c   0x0000000c   Data   RW         2343    .data               sensortile_magneto.o
    0x20000438   0x0000000c   Data   RW         2370    .data               sensortile_pressure.o
    0x20000444   0x00000008   Data   RW         2394    .data               sensortile_temperature.o
    0x2000044c   0x00000208   Data   RW         2407    .data               metadatamanager.o
    0x20000654   0x00000004   PAD
    0x20000658   0x0000127c   Data   RW         2486    .data               osxMotionFX107_CM4_Keil_ot.lib(osx_motion_fx.o)
    0x200018d4   0x00000004   Data   RW         2501    .data               osxMotionAR120_CM4F_keil_ot.lib(osxLibraryLocker100_CM4F_Keil.o)
    0x200018d8   0x00000004   Data   RW         2748    .data               mc_w.l(stdout.o)
    0x200018dc   0x00000004   Data   RW         2758    .data               mc_w.l(errno.o)
    0x200018e0   0x00000090   Zero   RW           36    .bss                main.o
    0x20001970   0x00000100   Zero   RW           37    .bss                main.o
    0x20001a70   0x00000100   Zero   RW           71    .bss                motionfx_manager.o
    0x20001b70   0x00000028   Zero   RW          116    .bss                sensor_service.o
    0x20001b98   0x00000048   Zero   RW          152    .bss                targetplatform.o
    0x20001be0   0x000002bc   Zero   RW          252    .bss                hci.o
    0x20001e9c   0x0000044c   Zero   RW         2116    .bss                ssd1306.o
    0x200022e8   0x00000114   Zero   RW         2155    .bss                sensortile.o
    0x200023fc   0x00000038   Zero   RW         2223    .bss                sensortile_accelero.o
    0x20002434   0x00000064   Zero   RW         2242    .bss                sensortile_bluenrg.o
    0x20002498   0x00000080   Zero   RW         2261    .bss                sensortile_gg.o
    0x20002518   0x00000014   Zero   RW         2291    .bss                sensortile_gyro.o
    0x2000252c   0x00000014   Zero   RW         2314    .bss                sensortile_humidity.o
    0x20002540   0x00000014   Zero   RW         2342    .bss                sensortile_magneto.o
    0x20002554   0x00000014   Zero   RW         2369    .bss                sensortile_pressure.o
    0x20002568   0x00000038   Zero   RW         2393    .bss                sensortile_temperature.o
    0x200025a0   0x00001030   Zero   RW         2406    .bss                metadatamanager.o
    0x200035d0   0x00000b34   Zero   RW         2484    .bss                osxMotionFX107_CM4_Keil_ot.lib(osx_motion_fx.o)
    0x20004104   0x000000a8   Zero   RW         2500    .bss                osxMotionAR120_CM4F_keil_ot.lib(osxLibraryLocker100_CM4F_Keil.o)
    0x200041ac   0x00000004   PAD
    0x200041b0   0x00008000   Zero   RW          205    STACK               startup_stm32l476xx.o


==============================================================================

Image component sizes


      Code (inc. data)   RO Data    RW Data    ZI Data      Debug   Object Name

       228          0          0          0          0          0   ble_list.o
       358          0          0          0          0          0   bluenrg_gap_aci.o
       528          0          0          0          0          0   bluenrg_gatt_aci.o
        76          0          0          0          0          0   bluenrg_hal_aci.o
        76          0          0          0          0          0   bluenrg_utils.o
         0          0       9096         32          0          0   fonts.o
        42          0          0          0          0          0   gp_timer.o
       924         34          0         20        700          0   hci.o
       988        176          0          0          0          0   hts221_driver.o
      1134         22          0        108          0          0   hts221_driver_hl.o
       688         38          0          8          0          0   hwadvancefeatures.o
       660          4          0          0          0          0   lps22hb_driver.o
      1574        118          0        112          0          0   lps22hb_driver_hl.o
      1038          6         96          0          0          0   lsm303agr_acc_driver.o
      1880        164          0         82          0          0   lsm303agr_acc_driver_hl.o
       348          0          0          0          0          0   lsm303agr_mag_driver.o
       744         30          0         72          0          0   lsm303agr_mag_driver_hl.o
      2716          0          0          0          0          0   lsm6dsm_acc_gyro_driver.o
      5248        496          0        310          0          0   lsm6dsm_acc_gyro_driver_hl.o
      1668        124          0         74        400          0   main.o
         0          0          0        520       4144          0   metadatamanager.o
         0          0          0          0        256          0   motionfx_manager.o
         8          0          0          0          0          0   osal.o
      3032        214          0         68         40          0   sensor_service.o
      1698        138          8         16        276          0   sensortile.o
      1060         44          0         16         56          0   sensortile_accelero.o
       926         86          0          0        100          0   sensortile_bluenrg.o
       128         12          0          8        128          0   sensortile_gg.o
       214         16          0         16         20          0   sensortile_gyro.o
       232         16          0         12         20          0   sensortile_humidity.o
       214         18          0         12         20          0   sensortile_magneto.o
       464         50          0          0          0          0   sensortile_oledshow.o
       300         16          0         12         20          0   sensortile_pressure.o
       470         34          0          8         56          0   sensortile_temperature.o
      1214         74          0          6       1100          0   ssd1306.o
        36          8        392          0      32768          0   startup_stm32l476xx.o
      2146         22         64         92          0          0   stc3115_driver.o
        92         18          0          4          0          0   stm32l4xx_hal.o
       232         18          0          0          0          0   stm32l4xx_hal_cortex.o
       590         20          0          0          0          0   stm32l4xx_hal_gpio.o
      1826         22          0          0          0          0   stm32l4xx_hal_i2c.o
       104         10          0          0          0          0   stm32l4xx_hal_msp.o
        16          4          0          0          0          0   stm32l4xx_hal_pwr.o
        32         10          0          0          0          0   stm32l4xx_hal_pwr_ex.o
      2242         60          0          0          0          0   stm32l4xx_hal_rcc.o
      1834         26          0          0          0          0   stm32l4xx_hal_rcc_ex.o
      1268          0          0          0          0          0   stm32l4xx_hal_spi.o
      1580         92          0          0          0          0   stm32l4xx_hal_tim.o
         4          0          0          0          0          0   stm32l4xx_hal_tim_ex.o
        56         12          0          0          0          0   stm32l4xx_it.o
        76         18         64          4          0          0   system_stm32l4xx.o
       228          4          0          0         72          0   targetplatform.o

    ----------------------------------------------------------------------
     43340       2274       9756       1624      40176          0   Object Totals
         0          0         32          0          0          0   (incl. Generated)
       100          0          4         12          0          0   (incl. Padding)

    ----------------------------------------------------------------------

      Code (inc. data)   RO Data    RW Data    ZI Data      Debug   Library Member Name

       900         94         80          0          0          0   asin.o
       744        106        152          0          0          0   atan.o
       496         64          0          0          0          0   atan2.o
       184         44          0          0          0          0   dunder.o
        24          0          0          0          0          0   fabs.o
       280         28          0          0          0          0   floor.o
       116          0          0          0          0          0   fmax.o
        48          0          0          0          0          0   fpclassify.o
       248          0          0          0          0          0   poly.o
      3200        296        136          0          0          0   pow.o
         0          0          8          0          0          0   qnan.o
       232          0          0          0          0          0   sqrt.o
        86          0          0          0          0          0   __dczerorl2.o
         0          0          0          0          0          0   entry.o
         0          0          0          0          0          0   entry10a.o
         0          0          0          0          0          0   entry11a.o
         8          4          0          0          0          0   entry2.o
         4          0          0          0          0          0   entry5.o
         0          0          0          0          0          0   entry7b.o
         0          0          0          0          0          0   entry8b.o
         8          4          0          0          0          0   entry9a.o
        12          6          0          4          0          0   errno.o
        18          0          0          0          0          0   fputc.o
        30          0          0          0          0          0   handlers.o
        36          8          0          0          0          0   init.o
         0          0          0          0          0          0   iusefp.o
         0          0          0          0          0          0   iusesemip.o
        98          0          0          0          0          0   ldiv.o
        30          0          0          0          0          0   llshl.o
        36          0          0          0          0          0   llsshr.o
        32          0          0          0          0          0   llushr.o
        66          0          0          0          0          0   memmove.o
        36          0          0          0          0          0   memseta.o
      2288         96          0          0          0          0   printfa.o
         0          0          0          0          0          0   semi.o
         0          0          0          4          0          0   stdout.o
        18          0          0          0          0          0   strcpy.o
        14          0          0          0          0          0   strlen.o
        44          0          0          0          0          0   uidiv.o
       104          0          0          0          0          0   uldiv.o
        48          0          0          0          0          0   cdcmple.o
        48          0          0          0          0          0   cdrcmple.o
        56          0          0          0          0          0   d2f.o
       350          0          0          0          0          0   dadd.o
        96          0          0          0          0          0   dcmp4.o
       222          0          0          0          0          0   ddiv.o
       186          0          0          0          0          0   depilogue.o
        50          0          0          0          0          0   dfixui.o
        48          0          0          0          0          0   dfixul.o
        34          0          0          0          0          0   dflti.o
        26          0          0          0          0          0   dfltui.o
       234          0          0          0          0          0   dmul.o
        46          0          0          0          0          0   dscalb.o
       162          0          0          0          0          0   dsqrt.o
        38          0          0          0          0          0   f2d.o
       110          0          0          0          0          0   fepilogue.o
       740         32          0          4        168          0   osxLibraryLocker100_CM4F_Keil.o
     35560        942        640       4732       2868          0   osx_motion_fx.o

    ----------------------------------------------------------------------
     47520       1724       1016       4744       3040          0   Library Totals
        26          0          0          0          4          0   (incl. Padding)

    ----------------------------------------------------------------------

      Code (inc. data)   RO Data    RW Data    ZI Data      Debug   Library Name

      6472        632        376          0          0          0   m_wm.l
      2968        118          0          8          0          0   mc_w.l
      1754          0          0          0          0          0   mf_w.l
       740         32          0          4        168          0   osxMotionAR120_CM4F_keil_ot.lib
     35560        942        640       4732       2868          0   osxMotionFX107_CM4_Keil_ot.lib

    ----------------------------------------------------------------------
     47520       1724       1016       4744       3040          0   Library Totals

    ----------------------------------------------------------------------

==============================================================================


      Code (inc. data)   RO Data    RW Data    ZI Data      Debug   

     90860       3998      10772       6368      43216          0   Grand Totals
     90860       3998      10772        924      43216          0   ELF Image Totals (compressed)
     90860       3998      10772        924          0          0   ROM Totals

==============================================================================

    Total RO  Size (Code + RO Data)               101632 (  99.25kB)
    Total RW  Size (RW Data + ZI Data)             49584 (  48.42kB)
    Total ROM Size (Code + RO Data + RW Data)     102556 ( 100.15kB)

==============================================================================

